Component: ARM Compiler 5.06 update 6 (build 750) Tool: armlink [4d35ed]

==============================================================================

Section Cross References

    stm32f3xx_ll_exti.o(i.LL_EXTI_Init) refers to stm32f3xx_ll_exti.o(i.LL_EXTI_DisableEvent_0_31) for LL_EXTI_DisableEvent_0_31
    stm32f3xx_ll_exti.o(i.LL_EXTI_Init) refers to stm32f3xx_ll_exti.o(i.LL_EXTI_EnableIT_0_31) for LL_EXTI_EnableIT_0_31
    stm32f3xx_ll_exti.o(i.LL_EXTI_Init) refers to stm32f3xx_ll_exti.o(i.LL_EXTI_DisableIT_0_31) for LL_EXTI_DisableIT_0_31
    stm32f3xx_ll_exti.o(i.LL_EXTI_Init) refers to stm32f3xx_ll_exti.o(i.LL_EXTI_EnableEvent_0_31) for LL_EXTI_EnableEvent_0_31
    stm32f3xx_ll_exti.o(i.LL_EXTI_Init) refers to stm32f3xx_ll_exti.o(i.LL_EXTI_EnableRisingTrig_0_31) for LL_EXTI_EnableRisingTrig_0_31
    stm32f3xx_ll_exti.o(i.LL_EXTI_Init) refers to stm32f3xx_ll_exti.o(i.LL_EXTI_EnableFallingTrig_0_31) for LL_EXTI_EnableFallingTrig_0_31
    stm32f3xx_ll_exti.o(i.LL_EXTI_Init) refers to stm32f3xx_ll_exti.o(i.LL_EXTI_DisableEvent_32_63) for LL_EXTI_DisableEvent_32_63
    stm32f3xx_ll_exti.o(i.LL_EXTI_Init) refers to stm32f3xx_ll_exti.o(i.LL_EXTI_EnableIT_32_63) for LL_EXTI_EnableIT_32_63
    stm32f3xx_ll_exti.o(i.LL_EXTI_Init) refers to stm32f3xx_ll_exti.o(i.LL_EXTI_DisableIT_32_63) for LL_EXTI_DisableIT_32_63
    stm32f3xx_ll_exti.o(i.LL_EXTI_Init) refers to stm32f3xx_ll_exti.o(i.LL_EXTI_EnableEvent_32_63) for LL_EXTI_EnableEvent_32_63
    stm32f3xx_ll_exti.o(i.LL_EXTI_Init) refers to stm32f3xx_ll_exti.o(i.LL_EXTI_EnableRisingTrig_32_63) for LL_EXTI_EnableRisingTrig_32_63
    stm32f3xx_ll_exti.o(i.LL_EXTI_Init) refers to stm32f3xx_ll_exti.o(i.LL_EXTI_EnableFallingTrig_32_63) for LL_EXTI_EnableFallingTrig_32_63
    stm32f3xx_ll_gpio.o(i.LL_GPIO_DeInit) refers to stm32f3xx_ll_gpio.o(i.LL_AHB1_GRP1_ForceReset) for LL_AHB1_GRP1_ForceReset
    stm32f3xx_ll_gpio.o(i.LL_GPIO_DeInit) refers to stm32f3xx_ll_gpio.o(i.LL_AHB1_GRP1_ReleaseReset) for LL_AHB1_GRP1_ReleaseReset
    stm32f3xx_ll_rcc.o(i.LL_RCC_DeInit) refers to stm32f3xx_ll_rcc.o(i.LL_RCC_HSI_IsReady) for LL_RCC_HSI_IsReady
    stm32f3xx_ll_rcc.o(i.LL_RCC_DeInit) refers to stm32f3xx_ll_rcc.o(i.LL_RCC_PLL_IsReady) for LL_RCC_PLL_IsReady
    stm32f3xx_ll_rcc.o(i.LL_RCC_GetADCClockFreq) refers to stm32f3xx_ll_rcc.o(i.RCC_GetSystemClockFreq) for RCC_GetSystemClockFreq
    stm32f3xx_ll_rcc.o(i.LL_RCC_GetADCClockFreq) refers to stm32f3xx_ll_rcc.o(i.RCC_GetHCLKClockFreq) for RCC_GetHCLKClockFreq
    stm32f3xx_ll_rcc.o(i.LL_RCC_GetADCClockFreq) refers to stm32f3xx_ll_rcc.o(i.RCC_GetPCLK2ClockFreq) for RCC_GetPCLK2ClockFreq
    stm32f3xx_ll_rcc.o(i.LL_RCC_GetADCClockFreq) refers to stm32f3xx_ll_rcc.o(.constdata) for aADCPrescTable
    stm32f3xx_ll_rcc.o(i.LL_RCC_GetI2CClockFreq) refers to stm32f3xx_ll_rcc.o(i.LL_RCC_GetI2CClockSource) for LL_RCC_GetI2CClockSource
    stm32f3xx_ll_rcc.o(i.LL_RCC_GetI2CClockFreq) refers to stm32f3xx_ll_rcc.o(i.RCC_GetSystemClockFreq) for RCC_GetSystemClockFreq
    stm32f3xx_ll_rcc.o(i.LL_RCC_GetI2CClockFreq) refers to stm32f3xx_ll_rcc.o(i.LL_RCC_HSI_IsReady) for LL_RCC_HSI_IsReady
    stm32f3xx_ll_rcc.o(i.LL_RCC_GetI2SClockFreq) refers to stm32f3xx_ll_rcc.o(i.RCC_GetSystemClockFreq) for RCC_GetSystemClockFreq
    stm32f3xx_ll_rcc.o(i.LL_RCC_GetSystemClocksFreq) refers to stm32f3xx_ll_rcc.o(i.RCC_GetSystemClockFreq) for RCC_GetSystemClockFreq
    stm32f3xx_ll_rcc.o(i.LL_RCC_GetSystemClocksFreq) refers to stm32f3xx_ll_rcc.o(i.RCC_GetHCLKClockFreq) for RCC_GetHCLKClockFreq
    stm32f3xx_ll_rcc.o(i.LL_RCC_GetSystemClocksFreq) refers to stm32f3xx_ll_rcc.o(i.RCC_GetPCLK1ClockFreq) for RCC_GetPCLK1ClockFreq
    stm32f3xx_ll_rcc.o(i.LL_RCC_GetSystemClocksFreq) refers to stm32f3xx_ll_rcc.o(i.RCC_GetPCLK2ClockFreq) for RCC_GetPCLK2ClockFreq
    stm32f3xx_ll_rcc.o(i.LL_RCC_GetTIMClockFreq) refers to stm32f3xx_ll_rcc.o(i.LL_RCC_GetTIMClockSource) for LL_RCC_GetTIMClockSource
    stm32f3xx_ll_rcc.o(i.LL_RCC_GetTIMClockFreq) refers to stm32f3xx_ll_rcc.o(i.RCC_GetSystemClockFreq) for RCC_GetSystemClockFreq
    stm32f3xx_ll_rcc.o(i.LL_RCC_GetTIMClockFreq) refers to stm32f3xx_ll_rcc.o(i.RCC_GetHCLKClockFreq) for RCC_GetHCLKClockFreq
    stm32f3xx_ll_rcc.o(i.LL_RCC_GetTIMClockFreq) refers to stm32f3xx_ll_rcc.o(i.RCC_GetPCLK2ClockFreq) for RCC_GetPCLK2ClockFreq
    stm32f3xx_ll_rcc.o(i.LL_RCC_GetTIMClockFreq) refers to stm32f3xx_ll_rcc.o(i.RCC_PLL_GetFreqDomain_SYS) for RCC_PLL_GetFreqDomain_SYS
    stm32f3xx_ll_rcc.o(i.LL_RCC_GetUARTClockFreq) refers to stm32f3xx_ll_rcc.o(i.LL_RCC_GetUARTClockSource) for LL_RCC_GetUARTClockSource
    stm32f3xx_ll_rcc.o(i.LL_RCC_GetUARTClockFreq) refers to stm32f3xx_ll_rcc.o(i.RCC_GetSystemClockFreq) for RCC_GetSystemClockFreq
    stm32f3xx_ll_rcc.o(i.LL_RCC_GetUARTClockFreq) refers to stm32f3xx_ll_rcc.o(i.LL_RCC_HSI_IsReady) for LL_RCC_HSI_IsReady
    stm32f3xx_ll_rcc.o(i.LL_RCC_GetUARTClockFreq) refers to stm32f3xx_ll_rcc.o(i.LL_RCC_LSE_IsReady) for LL_RCC_LSE_IsReady
[...]
    printfb.o(i.__0fprintf$bare) refers to printfb.o(i._printf_core) for _printf_core
    printfb.o(i.__0fprintf$bare) refers to retarget_io.o(i.fputc) for fputc
    printfb.o(i.__0printf$bare) refers to printfb.o(i._printf_core) for _printf_core
    printfb.o(i.__0printf$bare) refers to retarget_io.o(i.fputc) for fputc
    printfb.o(i.__0printf$bare) refers to stdout.o(.data) for __stdout
    printfb.o(i.__0snprintf$bare) refers to printfb.o(i._printf_core) for _printf_core
    printfb.o(i.__0snprintf$bare) refers to printfb.o(i._snputc) for _snputc
    printfb.o(i.__0sprintf$bare) refers to printfb.o(i._printf_core) for _printf_core
    printfb.o(i.__0sprintf$bare) refers to printfb.o(i._sputc) for _sputc
    printfb.o(i.__0vfprintf$bare) refers to printfb.o(i._printf_core) for _printf_core
    printfb.o(i.__0vfprintf$bare) refers to retarget_io.o(i.fputc) for fputc
    printfb.o(i.__0vprintf$bare) refers to printfb.o(i._printf_core) for _printf_core
    printfb.o(i.__0vprintf$bare) refers to retarget_io.o(i.fputc) for fputc
    printfb.o(i.__0vprintf$bare) refers to stdout.o(.data) for __stdout
    printfb.o(i.__0vsnprintf$bare) refers to printfb.o(i._printf_core) for _printf_core
    printfb.o(i.__0vsnprintf$bare) refers to printfb.o(i._snputc) for _snputc
    printfb.o(i.__0vsprintf$bare) refers to printfb.o(i._printf_core) for _printf_core
    printfb.o(i.__0vsprintf$bare) refers to printfb.o(i._sputc) for _sputc
    printf0.o(i.__0fprintf$0) refers to printf0.o(i._printf_core) for _printf_core
    printf0.o(i.__0fprintf$0) refers to retarget_io.o(i.fputc) for fputc
    printf0.o(i.__0printf$0) refers to printf0.o(i._printf_core) for _printf_core
    printf0.o(i.__0printf$0) refers to retarget_io.o(i.fputc) for fputc
    printf0.o(i.__0printf$0) refers to stdout.o(.data) for __stdout
    printf0.o(i.__0snprintf$0) refers to printf0.o(i._printf_core) for _printf_core
    printf0.o(i.__0snprintf$0) refers to printf0.o(i._snputc) for _snputc
    printf0.o(i.__0sprintf$0) refers to printf0.o(i._printf_core) for _printf_core
    printf0.o(i.__0sprintf$0) refers to printf0.o(i._sputc) for _sputc
    printf0.o(i.__0vfprintf$0) refers to printf0.o(i._printf_core) for _printf_core
    printf0.o(i.__0vfprintf$0) refers to retarget_io.o(i.fputc) for fputc
    printf0.o(i.__0vprintf$0) refers to printf0.o(i._printf_core) for _printf_core
    printf0.o(i.__0vprintf$0) refers to retarget_io.o(i.fputc) for fputc
    printf0.o(i.__0vprintf$0) refers to stdout.o(.data) for __stdout
    printf0.o(i.__0vsnprintf$0) refers to printf0.o(i._printf_core) for _printf_core
    printf0.o(i.__0vsnprintf$0) refers to printf0.o(i._snputc) for _snputc
    printf0.o(i.__0vsprintf$0) refers to printf0.o(i._printf_core) for _printf_core
    printf0.o(i.__0vsprintf$0) refers to printf0.o(i._sputc) for _sputc
    printf1.o(i.__0fprintf$1) refers to printf1.o(i._printf_core) for _printf_core
    printf1.o(i.__0fprintf$1) refers to retarget_io.o(i.fputc) for fputc
    printf1.o(i.__0printf$1) refers to printf1.o(i._printf_core) for _printf_core
    printf1.o(i.__0printf$1) refers to retarget_io.o(i.fputc) for fputc
    printf1.o(i.__0printf$1) refers to stdout.o(.data) for __stdout
    printf1.o(i.__0snprintf$1) refers to printf1.o(i._printf_core) for _printf_core
    printf1.o(i.__0snprintf$1) refers to printf1.o(i._snputc) for _snputc
    printf1.o(i.__0sprintf$1) refers to printf1.o(i._printf_core) for _printf_core
    printf1.o(i.__0sprintf$1) refers to printf1.o(i._sputc) for _sputc
    printf1.o(i.__0vfprintf$1) refers to printf1.o(i._printf_core) for _printf_core
    printf1.o(i.__0vfprintf$1) refers to retarget_io.o(i.fputc) for fputc
    printf1.o(i.__0vprintf$1) refers to printf1.o(i._printf_core) for _printf_core
    printf1.o(i.__0vprintf$1) refers to retarget_io.o(i.fputc) for fputc
    printf1.o(i.__0vprintf$1) refers to stdout.o(.data) for __stdout
    printf1.o(i.__0vsnprintf$1) refers to printf1.o(i._printf_core) for _printf_core
    printf1.o(i.__0vsnprintf$1) refers to printf1.o(i._snputc) for _snputc
    printf1.o(i.__0vsprintf$1) refers to printf1.o(i._printf_core) for _printf_core
    printf1.o(i.__0vsprintf$1) refers to printf1.o(i._sputc) for _sputc
    printf1.o(i._printf_core) refers to uidiv.o(.text) for __aeabi_uidivmod
    printf2.o(i.__0fprintf$2) refers to printf2.o(i._printf_core) for _printf_core
    printf2.o(i.__0fprintf$2) refers to retarget_io.o(i.fputc) for fputc
    printf2.o(i.__0printf$2) refers to printf2.o(i._printf_core) for _printf_core
    printf2.o(i.__0printf$2) refers to retarget_io.o(i.fputc) for fputc
    printf2.o(i.__0printf$2) refers to stdout.o(.data) for __stdout
    printf2.o(i.__0snprintf$2) refers to printf2.o(i._printf_core) for _printf_core
    printf2.o(i.__0snprintf$2) refers to printf2.o(i._snputc) for _snputc
    printf2.o(i.__0sprintf$2) refers to printf2.o(i._printf_core) for _printf_core
    printf2.o(i.__0sprintf$2) refers to printf2.o(i._sputc) for _sputc
    printf2.o(i.__0vfprintf$2) refers to printf2.o(i._printf_core) for _printf_core
    printf2.o(i.__0vfprintf$2) refers to retarget_io.o(i.fputc) for fputc
    printf2.o(i.__0vprintf$2) refers to printf2.o(i._printf_core) for _printf_core
    printf2.o(i.__0vprintf$2) refers to retarget_io.o(i.fputc) for fputc
    printf2.o(i.__0vprintf$2) refers to stdout.o(.data) for __stdout
    printf2.o(i.__0vsnprintf$2) refers to printf2.o(i._printf_core) for _printf_core
    printf2.o(i.__0vsnprintf$2) refers to printf2.o(i._snputc) for _snputc
    printf2.o(i.__0vsprintf$2) refers to printf2.o(i._printf_core) for _printf_core
    printf2.o(i.__0vsprintf$2) refers to printf2.o(i._sputc) for _sputc
    printf3.o(i.__0fprintf$3) refers to printf3.o(i._printf_core) for _printf_core
    printf3.o(i.__0fprintf$3) refers to retarget_io.o(i.fputc) for fputc
    printf3.o(i.__0printf$3) refers to printf3.o(i._printf_core) for _printf_core
    printf3.o(i.__0printf$3) refers to retarget_io.o(i.fputc) for fputc
    printf3.o(i.__0printf$3) refers to stdout.o(.data) for __stdout
    printf3.o(i.__0snprintf$3) refers to printf3.o(i._printf_core) for _printf_core
    printf3.o(i.__0snprintf$3) refers to printf3.o(i._snputc) for _snputc
    printf3.o(i.__0sprintf$3) refers to printf3.o(i._printf_core) for _printf_core
    printf3.o(i.__0sprintf$3) refers to printf3.o(i._sputc) for _sputc
    printf3.o(i.__0vfprintf$3) refers to printf3.o(i._printf_core) for _printf_core
    printf3.o(i.__0vfprintf$3) refers to retarget_io.o(i.fputc) for fputc
    printf3.o(i.__0vprintf$3) refers to printf3.o(i._printf_core) for _printf_core
    printf3.o(i.__0vprintf$3) refers to retarget_io.o(i.fputc) for fputc
    printf3.o(i.__0vprintf$3) refers to stdout.o(.data) for __stdout
    printf3.o(i.__0vsnprintf$3) refers to printf3.o(i._printf_core) for _printf_core
    printf3.o(i.__0vsnprintf$3) refers to printf3.o(i._snputc) for _snputc
    printf3.o(i.__0vsprintf$3) refers to printf3.o(i._printf_core) for _printf_core
    printf3.o(i.__0vsprintf$3) refers to printf3.o(i._sputc) for _sputc
    printf3.o(i._printf_core) refers to uidiv.o(.text) for __aeabi_uidivmod
    printf4.o(i.__0fprintf$4) refers to printf4.o(i._printf_core) for _printf_core
    printf4.o(i.__0fprintf$4) refers to retarget_io.o(i.fputc) for fputc
    printf4.o(i.__0printf$4) refers to printf4.o(i._printf_core) for _printf_core
    printf4.o(i.__0printf$4) refers to retarget_io.o(i.fputc) for fputc
    printf4.o(i.__0printf$4) refers to stdout.o(.data) for __stdout
    printf4.o(i.__0snprintf$4) refers to printf4.o(i._printf_core) for _printf_core
    printf4.o(i.__0snprintf$4) refers to printf4.o(i._snputc) for _snputc
    printf4.o(i.__0sprintf$4) refers to printf4.o(i._printf_core) for _printf_core
    printf4.o(i.__0sprintf$4) refers to printf4.o(i._sputc) for _sputc
    printf4.o(i.__0vfprintf$4) refers to printf4.o(i._printf_core) for _printf_core
    printf4.o(i.__0vfprintf$4) refers to retarget_io.o(i.fputc) for fputc
    printf4.o(i.__0vprintf$4) refers to printf4.o(i._printf_core) for _printf_core
    printf4.o(i.__0vprintf$4) refers to retarget_io.o(i.fputc) for fputc
    printf4.o(i.__0vprintf$4) refers to stdout.o(.data) for __stdout
    printf4.o(i.__0vsnprintf$4) refers to printf4.o(i._printf_core) for _printf_core
    printf4.o(i.__0vsnprintf$4) refers to printf4.o(i._snputc) for _snputc
    printf4.o(i.__0vsprintf$4) refers to printf4.o(i._printf_core) for _printf_core
    printf4.o(i.__0vsprintf$4) refers to printf4.o(i._sputc) for _sputc
    printf4.o(i._printf_core) refers to uldiv.o(.text) for __aeabi_uldivmod
    printf5.o(i.__0fprintf$5) refers to printf5.o(i._printf_core) for _printf_core
    printf5.o(i.__0fprintf$5) refers to retarget_io.o(i.fputc) for fputc
    printf5.o(i.__0printf$5) refers to printf5.o(i._printf_core) for _printf_core
    printf5.o(i.__0printf$5) refers to retarget_io.o(i.fputc) for fputc
    printf5.o(i.__0printf$5) refers to stdout.o(.data) for __stdout
    printf5.o(i.__0snprintf$5) refers to printf5.o(i._printf_core) for _printf_core
    printf5.o(i.__0snprintf$5) refers to printf5.o(i._snputc) for _snputc
    printf5.o(i.__0sprintf$5) refers to printf5.o(i._printf_core) for _printf_core
    printf5.o(i.__0sprintf$5) refers to printf5.o(i._sputc) for _sputc
    printf5.o(i.__0vfprintf$5) refers to printf5.o(i._printf_core) for _printf_core
    printf5.o(i.__0vfprintf$5) refers to retarget_io.o(i.fputc) for fputc
    printf5.o(i.__0vprintf$5) refers to printf5.o(i._printf_core) for _printf_core
    printf5.o(i.__0vprintf$5) refers to retarget_io.o(i.fputc) for fputc
    printf5.o(i.__0vprintf$5) refers to stdout.o(.data) for __stdout
    printf5.o(i.__0vsnprintf$5) refers to printf5.o(i._printf_core) for _printf_core
    printf5.o(i.__0vsnprintf$5) refers to printf5.o(i._snputc) for _snputc
    printf5.o(i.__0vsprintf$5) refers to printf5.o(i._printf_core) for _printf_core
    printf5.o(i.__0vsprintf$5) refers to printf5.o(i._sputc) for _sputc
    printf5.o(i._printf_core) refers to uldiv.o(.text) for __aeabi_uldivmod
    printf6.o(i.__0fprintf$6) refers to printf6.o(i._printf_core) for _printf_core
    printf6.o(i.__0fprintf$6) refers to retarget_io.o(i.fputc) for fputc
    printf6.o(i.__0printf$6) refers to printf6.o(i._printf_core) for _printf_core
    printf6.o(i.__0printf$6) refers to retarget_io.o(i.fputc) for fputc
    printf6.o(i.__0printf$6) refers to stdout.o(.data) for __stdout
    printf6.o(i.__0snprintf$6) refers to printf6.o(i._printf_core) for _printf_core
    printf6.o(i.__0snprintf$6) refers to printf6.o(i._snputc) for _snputc
    printf6.o(i.__0sprintf$6) refers to printf6.o(i._printf_core) for _printf_core
    printf6.o(i.__0sprintf$6) refers to printf6.o(i._sputc) for _sputc
    printf6.o(i.__0vfprintf$6) refers to printf6.o(i._printf_core) for _printf_core
    printf6.o(i.__0vfprintf$6) refers to retarget_io.o(i.fputc) for fputc
    printf6.o(i.__0vprintf$6) refers to printf6.o(i._printf_core) for _printf_core
    printf6.o(i.__0vprintf$6) refers to retarget_io.o(i.fputc) for fputc
    printf6.o(i.__0vprintf$6) refers to stdout.o(.data) for __stdout
    printf6.o(i.__0vsnprintf$6) refers to printf6.o(i._printf_core) for _printf_core
    printf6.o(i.__0vsnprintf$6) refers to printf6.o(i._snputc) for _snputc
    printf6.o(i.__0vsprintf$6) refers to printf6.o(i._printf_core) for _printf_core
    printf6.o(i.__0vsprintf$6) refers to printf6.o(i._sputc) for _sputc
    printf6.o(i._printf_core) refers to printf6.o(i._printf_pre_padding) for _printf_pre_padding
    printf6.o(i._printf_core) refers to uidiv.o(.text) for __aeabi_uidivmod
    printf6.o(i._printf_core) refers to printf6.o(i._printf_post_padding) for _printf_post_padding
    printf7.o(i.__0fprintf$7) refers to printf7.o(i._printf_core) for _printf_core
    printf7.o(i.__0fprintf$7) refers to retarget_io.o(i.fputc) for fputc
    printf7.o(i.__0printf$7) refers to printf7.o(i._printf_core) for _printf_core
    printf7.o(i.__0printf$7) refers to retarget_io.o(i.fputc) for fputc
    printf7.o(i.__0printf$7) refers to stdout.o(.data) for __stdout
    printf7.o(i.__0snprintf$7) refers to printf7.o(i._printf_core) for _printf_core
    printf7.o(i.__0snprintf$7) refers to printf7.o(i._snputc) for _snputc
    printf7.o(i.__0sprintf$7) refers to printf7.o(i._printf_core) for _printf_core
    printf7.o(i.__0sprintf$7) refers to printf7.o(i._sputc) for _sputc
    printf7.o(i.__0vfprintf$7) refers to printf7.o(i._printf_core) for _printf_core
    printf7.o(i.__0vfprintf$7) refers to retarget_io.o(i.fputc) for fputc
    printf7.o(i.__0vprintf$7) refers to printf7.o(i._printf_core) for _printf_core
    printf7.o(i.__0vprintf$7) refers to retarget_io.o(i.fputc) for fputc
    printf7.o(i.__0vprintf$7) refers to stdout.o(.data) for __stdout
    printf7.o(i.__0vsnprintf$7) refers to printf7.o(i._printf_core) for _printf_core
    printf7.o(i.__0vsnprintf$7) refers to printf7.o(i._snputc) for _snputc
    printf7.o(i.__0vsprintf$7) refers to printf7.o(i._printf_core) for _printf_core
    printf7.o(i.__0vsprintf$7) refers to printf7.o(i._sputc) for _sputc
    printf7.o(i._printf_core) refers to printf7.o(i._printf_pre_padding) for _printf_pre_padding
    printf7.o(i._printf_core) refers to uldiv.o(.text) for __aeabi_uldivmod
    printf7.o(i._printf_core) refers to printf7.o(i._printf_post_padding) for _printf_post_padding
    printf8.o(i.__0fprintf$8) refers to printf8.o(i._printf_core) for _printf_core
    printf8.o(i.__0fprintf$8) refers to retarget_io.o(i.fputc) for fputc
    printf8.o(i.__0printf$8) refers to printf8.o(i._printf_core) for _printf_core
    printf8.o(i.__0printf$8) refers to retarget_io.o(i.fputc) for fputc
    printf8.o(i.__0printf$8) refers to stdout.o(.data) for __stdout
    printf8.o(i.__0snprintf$8) refers to printf8.o(i._printf_core) for _printf_core
    printf8.o(i.__0snprintf$8) refers to printf8.o(i._snputc) for _snputc
    printf8.o(i.__0sprintf$8) refers to printf8.o(i._printf_core) for _printf_core
    printf8.o(i.__0sprintf$8) refers to printf8.o(i._sputc) for _sputc
    printf8.o(i.__0vfprintf$8) refers to printf8.o(i._printf_core) for _printf_core
    printf8.o(i.__0vfprintf$8) refers to retarget_io.o(i.fputc) for fputc
    printf8.o(i.__0vprintf$8) refers to printf8.o(i._printf_core) for _printf_core
    printf8.o(i.__0vprintf$8) refers to retarget_io.o(i.fputc) for fputc
    printf8.o(i.__0vprintf$8) refers to stdout.o(.data) for __stdout
    printf8.o(i.__0vsnprintf$8) refers to printf8.o(i._printf_core) for _printf_core
    printf8.o(i.__0vsnprintf$8) refers to printf8.o(i._snputc) for _snputc
    printf8.o(i.__0vsprintf$8) refers to printf8.o(i._printf_core) for _printf_core
    printf8.o(i.__0vsprintf$8) refers to printf8.o(i._sputc) for _sputc
    printf8.o(i._printf_core) refers to printf8.o(i._printf_pre_padding) for _printf_pre_padding
    printf8.o(i._printf_core) refers to uldiv.o(.text) for __aeabi_uldivmod
    printf8.o(i._printf_core) refers to printf8.o(i._printf_post_padding) for _printf_post_padding
    printfa.o(i.__0fprintf) refers (Special) to iusefp.o(.text) for __I$use$fp
    printfa.o(i.__0fprintf) refers to printfa.o(i._printf_core) for _printf_core
    printfa.o(i.__0fprintf) refers to retarget_io.o(i.fputc) for fputc
    printfa.o(i.__0printf) refers (Special) to iusefp.o(.text) for __I$use$fp
    printfa.o(i.__0printf) refers to printfa.o(i._printf_core) for _printf_core
    printfa.o(i.__0printf) refers to retarget_io.o(i.fputc) for fputc
    printfa.o(i.__0printf) refers to stdout.o(.data) for __stdout
    printfa.o(i.__0snprintf) refers (Special) to iusefp.o(.text) for __I$use$fp
    printfa.o(i.__0snprintf) refers to printfa.o(i._printf_core) for _printf_core
    printfa.o(i.__0snprintf) refers to printfa.o(i._snputc) for _snputc
    printfa.o(i.__0sprintf) refers (Special) to iusefp.o(.text) for __I$use$fp
    printfa.o(i.__0sprintf) refers to printfa.o(i._printf_core) for _printf_core
    printfa.o(i.__0sprintf) refers to printfa.o(i._sputc) for _sputc
    printfa.o(i.__0vfprintf) refers (Special) to iusefp.o(.text) for __I$use$fp
    printfa.o(i.__0vfprintf) refers to printfa.o(i._printf_core) for _printf_core
    printfa.o(i.__0vfprintf) refers to retarget_io.o(i.fputc) for fputc
    printfa.o(i.__0vprintf) refers (Special) to iusefp.o(.text) for __I$use$fp
    printfa.o(i.__0vprintf) refers to printfa.o(i._printf_core) for _printf_core
    printfa.o(i.__0vprintf) refers to retarget_io.o(i.fputc) for fputc
    printfa.o(i.__0vprintf) refers to stdout.o(.data) for __stdout
    printfa.o(i.__0vsnprintf) refers (Special) to iusefp.o(.text) for __I$use$fp
    printfa.o(i.__0vsnprintf) refers to printfa.o(i._printf_core) for _printf_core
    printfa.o(i.__0vsnprintf) refers to printfa.o(i._snputc) for _snputc
    printfa.o(i.__0vsprintf) refers (Special) to iusefp.o(.text) for __I$use$fp
    printfa.o(i.__0vsprintf) refers to printfa.o(i._printf_core) for _printf_core
    printfa.o(i.__0vsprintf) refers to printfa.o(i._sputc) for _sputc
    printfa.o(i._fp_digits) refers (Special) to iusefp.o(.text) for __I$use$fp
    printfa.o(i._fp_digits) refers to dmul.o(.text) for __aeabi_dmul
    printfa.o(i._fp_digits) refers to ddiv.o(.text) for __aeabi_ddiv
    printfa.o(i._fp_digits) refers to cdrcmple.o(.text) for __aeabi_cdrcmple
    printfa.o(i._fp_digits) refers to dadd.o(.text) for __aeabi_dadd
    printfa.o(i._fp_digits) refers to dfixul.o(.text) for __aeabi_d2ulz
    printfa.o(i._fp_digits) refers to uldiv.o(.text) for __aeabi_uldivmod
    printfa.o(i._printf_core) refers (Special) to iusefp.o(.text) for __I$use$fp
    printfa.o(i._printf_core) refers to printfa.o(i._printf_pre_padding) for _printf_pre_padding
    printfa.o(i._printf_core) refers to uldiv.o(.text) for __aeabi_uldivmod
    printfa.o(i._printf_core) refers to printfa.o(i._printf_post_padding) for _printf_post_padding
    printfa.o(i._printf_core) refers to printfa.o(i._fp_digits) for _fp_digits
    printfa.o(i._printf_core) refers to uidiv.o(.text) for __aeabi_uidivmod
    printfa.o(i._printf_post_padding) refers (Special) to iusefp.o(.text) for __I$use$fp
    printfa.o(i._printf_pre_padding) refers (Special) to iusefp.o(.text) for __I$use$fp
    printfa.o(i._snputc) refers (Special) to iusefp.o(.text) for __I$use$fp
    printfa.o(i._sputc) refers (Special) to iusefp.o(.text) for __I$use$fp
    malloc.o(i.free) refers to mvars.o(.data) for __microlib_freelist
    malloc.o(i.malloc) refers to mvars.o(.data) for __microlib_freelist_initialised
    malloc.o(i.malloc) refers to mvars.o(.data) for __microlib_freelist
    malloc.o(i.malloc) refers to startup_stm32f303xc.o(HEAP) for __heap_base
    mallocr.o(i.__free$realloc) refers to mvars.o(.data) for __microlib_freelist
    mallocr.o(i.__malloc$realloc) refers to mallocr.o(i.internal_alloc) for internal_alloc
    mallocr.o(i.__malloc$realloc) refers to mvars.o(.data) for __microlib_freelist_initialised
    mallocr.o(i.__malloc$realloc) refers to startup_stm32f303xc.o(HEAP) for __heap_base
    mallocr.o(i.__malloc$realloc) refers to mvars.o(.data) for __microlib_freelist
    mallocr.o(i.internal_alloc) refers to memcpya.o(.text) for __aeabi_memcpy
    mallocr.o(i.internal_alloc) refers to mvars.o(.data) for __microlib_freelist
    mallocr.o(i.realloc) refers to mallocr.o(i.__free$realloc) for __free$realloc
    mallocr.o(i.realloc) refers to mallocr.o(i.internal_alloc) for internal_alloc
    mallocr.o(i.realloc) refers to mallocr.o(i.__malloc$realloc) for __malloc$realloc
    mallocr.o(i.realloc) refers to mvars.o(.data) for __microlib_freelist
    malloca.o(i.__aligned_malloc) refers to mvars.o(.data) for __microlib_freelist_initialised
    malloca.o(i.__aligned_malloc) refers to mvars.o(.data) for __microlib_freelist
    malloca.o(i.__aligned_malloc) refers to startup_stm32f303xc.o(HEAP) for __heap_base
    malloca.o(i.__free$memalign) refers to mvars.o(.data) for __microlib_freelist
    malloca.o(i.__malloc$memalign) refers to malloca.o(i.__aligned_malloc) for __aligned_malloc
    mallocra.o(i.__aligned_malloc$realloc) refers to mallocra.o(i.internal_alloc) for internal_alloc
    mallocra.o(i.__aligned_malloc$realloc) refers to mvars.o(.data) for __microlib_freelist_initialised
    mallocra.o(i.__aligned_malloc$realloc) refers to startup_stm32f303xc.o(HEAP) for __heap_base
    mallocra.o(i.__aligned_malloc$realloc) refers to mvars.o(.data) for __microlib_freelist
    mallocra.o(i.__free$realloc$memalign) refers to mvars.o(.data) for __microlib_freelist
    mallocra.o(i.__malloc$realloc$memalign) refers to mallocra.o(i.__aligned_malloc$realloc) for __aligned_malloc$realloc
    mallocra.o(i.__realloc$memalign) refers to mallocra.o(i.__free$realloc$memalign) for __free$realloc$memalign
    mallocra.o(i.__realloc$memalign) refers to mallocra.o(i.internal_alloc) for internal_alloc
    mallocra.o(i.__realloc$memalign) refers to mallocra.o(i.__malloc$realloc$memalign) for __malloc$realloc$memalign
    mallocra.o(i.__realloc$memalign) refers to mvars.o(.data) for __microlib_freelist
    mallocra.o(i.internal_alloc) refers to memcpya.o(.text) for __aeabi_memcpy
    mallocra.o(i.internal_alloc) refers to mvars.o(.data) for __microlib_freelist
    entry2.o(.ARM.Collect$$$$00000001) refers to entry2.o(.ARM.Collect$$$$00002712) for __lit__00000000
    entry2.o(.ARM.Collect$$$$00002712) refers to startup_stm32f303xc.o(STACK) for __initial_sp
    entry2.o(__vectab_stack_and_reset_area) refers to startup_stm32f303xc.o(STACK) for __initial_sp
    entry2.o(__vectab_stack_and_reset_area) refers to entry.o(.ARM.Collect$$$$00000000) for __main
    entry5.o(.ARM.Collect$$$$00000004) refers to init.o(.text) for __scatterload
    entry9a.o(.ARM.Collect$$$$0000000B) refers to main.o(i.main) for main
    entry9b.o(.ARM.Collect$$$$0000000C) refers to main.o(i.main) for main
    uldiv.o(.text) refers to llushr.o(.text) for __aeabi_llsr
    uldiv.o(.text) refers to llshl.o(.text) for __aeabi_llsl
    dadd.o(.text) refers to llshl.o(.text) for __aeabi_llsl
    dadd.o(.text) refers to llsshr.o(.text) for __aeabi_lasr
    dadd.o(.text) refers to depilogue.o(.text) for _double_epilogue
    dmul.o(.text) refers to depilogue.o(.text) for _double_epilogue
    ddiv.o(.text) refers to depilogue.o(.text) for _double_round
    dfixul.o(.text) refers to llushr.o(.text) for __aeabi_llsr
    dfixul.o(.text) refers to llshl.o(.text) for __aeabi_llsl
    init.o(.text) refers to entry5.o(.ARM.Collect$$$$00000004) for __main_after_scatterload
    depilogue.o(.text) refers to llshl.o(.text) for __aeabi_llsl
    depilogue.o(.text) refers to llushr.o(.text) for __aeabi_llsr


==============================================================================

Removing Unused input sections from the image.

    Removing stm32f3xx_ll_exti.o(.rev16_text), (4 bytes).
    Removing stm32f3xx_ll_exti.o(.revsh_text), (4 bytes).
    Removing stm32f3xx_ll_exti.o(.rrx_text), (6 bytes).
    Removing stm32f3xx_ll_exti.o(i.LL_EXTI_DeInit), (80 bytes).
    Removing stm32f3xx_ll_exti.o(i.LL_EXTI_DisableEvent_0_31), (16 bytes).
    Removing stm32f3xx_ll_exti.o(i.LL_EXTI_DisableEvent_32_63), (16 bytes).
    Removing stm32f3xx_ll_exti.o(i.LL_EXTI_DisableIT_0_31), (16 bytes).
    Removing stm32f3xx_ll_exti.o(i.LL_EXTI_DisableIT_32_63), (16 bytes).
    Removing stm32f3xx_ll_exti.o(i.LL_EXTI_EnableEvent_0_31), (16 bytes).
    Removing stm32f3xx_ll_exti.o(i.LL_EXTI_EnableEvent_32_63), (16 bytes).
    Removing stm32f3xx_ll_exti.o(i.LL_EXTI_EnableFallingTrig_0_31), (16 bytes).
    Removing stm32f3xx_ll_exti.o(i.LL_EXTI_EnableFallingTrig_32_63), (16 bytes).
    Removing stm32f3xx_ll_exti.o(i.LL_EXTI_EnableIT_0_31), (16 bytes).
    Removing stm32f3xx_ll_exti.o(i.LL_EXTI_EnableIT_32_63), (16 bytes).
    Removing stm32f3xx_ll_exti.o(i.LL_EXTI_EnableRisingTrig_0_31), (16 bytes).
    Removing stm32f3xx_ll_exti.o(i.LL_EXTI_EnableRisingTrig_32_63), (16 bytes).
    Removing stm32f3xx_ll_exti.o(i.LL_EXTI_Init), (364 bytes).
    Removing stm32f3xx_ll_exti.o(i.LL_EXTI_StructInit), (16 bytes).
    Removing stm32f3xx_ll_gpio.o(.rev16_text), (4 bytes).
    Removing stm32f3xx_ll_gpio.o(.revsh_text), (4 bytes).
    Removing stm32f3xx_ll_gpio.o(.rrx_text), (6 bytes).
    Removing stm32f3xx_ll_gpio.o(i.LL_AHB1_GRP1_ForceReset), (16 bytes).
    Removing stm32f3xx_ll_gpio.o(i.LL_AHB1_GRP1_ReleaseReset), (16 bytes).
    Removing stm32f3xx_ll_gpio.o(i.LL_GPIO_DeInit), (160 bytes).
    Removing stm32f3xx_ll_gpio.o(i.LL_GPIO_StructInit), (22 bytes).
    Removing stm32f3xx_ll_rcc.o(.rev16_text), (4 bytes).
    Removing stm32f3xx_ll_rcc.o(.revsh_text), (4 bytes).
    Removing stm32f3xx_ll_rcc.o(.rrx_text), (6 bytes).
    Removing stm32f3xx_ll_rcc.o(i.LL_RCC_DeInit), (168 bytes).
    Removing stm32f3xx_ll_rcc.o(i.LL_RCC_GetADCClockFreq), (100 bytes).
    Removing stm32f3xx_ll_rcc.o(i.LL_RCC_GetI2CClockFreq), (108 bytes).
    Removing stm32f3xx_ll_rcc.o(i.LL_RCC_GetI2CClockSource), (20 bytes).
    Removing stm32f3xx_ll_rcc.o(i.LL_RCC_GetI2SClockFreq), (52 bytes).
    Removing stm32f3xx_ll_rcc.o(i.LL_RCC_GetSystemClocksFreq), (36 bytes).
    Removing stm32f3xx_ll_rcc.o(i.LL_RCC_GetTIMClockFreq), (92 bytes).
    Removing stm32f3xx_ll_rcc.o(i.LL_RCC_GetTIMClockSource), (24 bytes).
    Removing stm32f3xx_ll_rcc.o(i.LL_RCC_GetUARTClockFreq), (212 bytes).
    Removing stm32f3xx_ll_rcc.o(i.LL_RCC_GetUARTClockSource), (20 bytes).
    Removing stm32f3xx_ll_rcc.o(i.LL_RCC_GetUSARTClockFreq), (284 bytes).
    Removing stm32f3xx_ll_rcc.o(i.LL_RCC_GetUSARTClockSource), (24 bytes).
    Removing stm32f3xx_ll_rcc.o(i.LL_RCC_GetUSBClockFreq), (68 bytes).
    Removing stm32f3xx_ll_rcc.o(i.LL_RCC_HSI_IsReady), (16 bytes).
    Removing stm32f3xx_ll_rcc.o(i.LL_RCC_LSE_IsReady), (16 bytes).
    Removing stm32f3xx_ll_rcc.o(i.LL_RCC_PLL_IsReady), (16 bytes).
    Removing stm32f3xx_ll_rcc.o(i.RCC_GetHCLKClockFreq), (32 bytes).
    Removing stm32f3xx_ll_rcc.o(i.RCC_GetPCLK1ClockFreq), (36 bytes).
    Removing stm32f3xx_ll_rcc.o(i.RCC_GetPCLK2ClockFreq), (36 bytes).
    Removing stm32f3xx_ll_rcc.o(i.RCC_GetSystemClockFreq), (60 bytes).
    Removing stm32f3xx_ll_rcc.o(i.RCC_PLL_GetFreqDomain_SYS), (104 bytes).
    Removing stm32f3xx_ll_rcc.o(.constdata), (32 bytes).
    Removing stm32f3xx_ll_tim.o(.rev16_text), (4 bytes).
    Removing stm32f3xx_ll_tim.o(.revsh_text), (4 bytes).
    Removing stm32f3xx_ll_tim.o(.rrx_text), (6 bytes).
    Removing stm32f3xx_ll_tim.o(i.IC1Config), (52 bytes).
    Removing stm32f3xx_ll_tim.o(i.IC2Config), (56 bytes).
    Removing stm32f3xx_ll_tim.o(i.IC3Config), (58 bytes).
    Removing stm32f3xx_ll_tim.o(i.IC4Config), (58 bytes).
    Removing stm32f3xx_ll_tim.o(i.LL_APB1_GRP1_ForceReset), (16 bytes).
    Removing stm32f3xx_ll_tim.o(i.LL_APB1_GRP1_ReleaseReset), (16 bytes).
    Removing stm32f3xx_ll_tim.o(i.LL_APB2_GRP1_ForceReset), (16 bytes).
    Removing stm32f3xx_ll_tim.o(i.LL_APB2_GRP1_ReleaseReset), (16 bytes).
    Removing stm32f3xx_ll_tim.o(i.LL_TIM_BDTR_Init), (156 bytes).
    Removing stm32f3xx_ll_tim.o(i.LL_TIM_BDTR_StructInit), (26 bytes).
    Removing stm32f3xx_ll_tim.o(i.LL_TIM_DeInit), (260 bytes).
    Removing stm32f3xx_ll_tim.o(i.LL_TIM_ENCODER_Init), (108 bytes).
    Removing stm32f3xx_ll_tim.o(i.LL_TIM_ENCODER_StructInit), (36 bytes).
    Removing stm32f3xx_ll_tim.o(i.LL_TIM_HALLSENSOR_Init), (136 bytes).
    Removing stm32f3xx_ll_tim.o(i.LL_TIM_HALLSENSOR_StructInit), (12 bytes).
    Removing stm32f3xx_ll_tim.o(i.LL_TIM_IC_Init), (92 bytes).
    Removing stm32f3xx_ll_tim.o(i.LL_TIM_IC_StructInit), (18 bytes).
    Removing stm32f3xx_ll_tim.o(i.LL_TIM_Init), (204 bytes).
    Removing stm32f3xx_ll_tim.o(i.LL_TIM_OC_Init), (132 bytes).
    Removing stm32f3xx_ll_tim.o(i.LL_TIM_OC_SetCompareCH2), (4 bytes).
    Removing stm32f3xx_ll_tim.o(i.LL_TIM_OC_StructInit), (20 bytes).
    Removing stm32f3xx_ll_tim.o(i.LL_TIM_StructInit), (18 bytes).
    Removing stm32f3xx_ll_tim.o(i.OC1Config), (172 bytes).
    Removing stm32f3xx_ll_tim.o(i.OC2Config), (180 bytes).
    Removing stm32f3xx_ll_tim.o(i.OC3Config), (172 bytes).
    Removing stm32f3xx_ll_tim.o(i.OC4Config), (140 bytes).
    Removing stm32f3xx_ll_tim.o(i.OC5Config), (136 bytes).
    Removing stm32f3xx_ll_tim.o(i.OC6Config), (132 bytes).
    Removing stm32f3xx_ll_tim.o(.constdata), (45 bytes).
    Removing stm32f3xx_ll_usart.o(.rev16_text), (4 bytes).
    Removing stm32f3xx_ll_usart.o(.revsh_text), (4 bytes).
    Removing stm32f3xx_ll_usart.o(.rrx_text), (6 bytes).
    Removing stm32f3xx_ll_usart.o(i.LL_APB1_GRP1_ForceReset), (16 bytes).
    Removing stm32f3xx_ll_usart.o(i.LL_APB1_GRP1_ReleaseReset), (16 bytes).
    Removing stm32f3xx_ll_usart.o(i.LL_USART_ClockInit), (66 bytes).
    Removing stm32f3xx_ll_usart.o(i.LL_USART_ClockStructInit), (12 bytes).
    Removing stm32f3xx_ll_usart.o(i.LL_USART_DeInit), (168 bytes).
    Removing stm32f3xx_ll_usart.o(i.LL_USART_Init), (268 bytes).
    Removing stm32f3xx_ll_usart.o(i.LL_USART_IsEnabled), (10 bytes).
    Removing stm32f3xx_ll_usart.o(i.LL_USART_StructInit), (26 bytes).
    Removing stm32f3xx_ll_utils.o(.rev16_text), (4 bytes).
    Removing stm32f3xx_ll_utils.o(.revsh_text), (4 bytes).
    Removing stm32f3xx_ll_utils.o(.rrx_text), (6 bytes).
    Removing stm32f3xx_ll_utils.o(i.LL_PLL_ConfigSystemClock_HSE), (152 bytes).
    Removing stm32f3xx_ll_utils.o(i.LL_PLL_ConfigSystemClock_HSI), (104 bytes).
    Removing stm32f3xx_ll_utils.o(i.LL_RCC_HSE_IsReady), (16 bytes).
    Removing stm32f3xx_ll_utils.o(i.LL_RCC_HSI_IsReady), (16 bytes).
    Removing stm32f3xx_ll_utils.o(i.LL_RCC_PLL_ConfigDomain_SYS), (36 bytes).
    Removing stm32f3xx_ll_utils.o(i.LL_RCC_PLL_IsReady), (16 bytes).
    Removing stm32f3xx_ll_utils.o(i.LL_mDelay), (40 bytes).
    Removing stm32f3xx_ll_utils.o(i.UTILS_EnablePLLAndSwitchSystem), (228 bytes).
    Removing stm32f3xx_ll_utils.o(i.UTILS_GetPLLOutputFrequency), (42 bytes).
    Removing stm32f3xx_ll_utils.o(i.UTILS_PLL_IsBusy), (16 bytes).
    Removing stm32f3xx_ll_utils.o(i.UTILS_SetFlashLatency), (80 bytes).
    Removing main.o(.rev16_text), (4 bytes).
    Removing main.o(.revsh_text), (4 bytes).
    Removing main.o(.rrx_text), (6 bytes).
    Removing main.o(.constdata), (45 bytes).
    Removing stm32f3xx_it.o(.rev16_text), (4 bytes).
    Removing stm32f3xx_it.o(.revsh_text), (4 bytes).
    Removing stm32f3xx_it.o(.rrx_text), (6 bytes).
    Removing stm32f3xx_it.o(.constdata), (45 bytes).
    Removing asciilib.o(i.GetASCIICode), (32 bytes).
    Removing asciilib.o(.constdata), (1520 bytes).
    Removing lcd_ili9325.o(.rev16_text), (4 bytes).
    Removing lcd_ili9325.o(.revsh_text), (4 bytes).
    Removing lcd_ili9325.o(.rrx_text), (6 bytes).
    Removing lcd_ili9325.o(i.lcd_fill_region), (148 bytes).
    Removing lcd_ili9325.o(.constdata), (45 bytes).
    Removing systickms.o(.rev16_text), (4 bytes).
    Removing systickms.o(.revsh_text), (4 bytes).
    Removing systickms.o(.rrx_text), (6 bytes).
    Removing systickms.o(.constdata), (45 bytes).
    Removing keypad.o(.rev16_text), (4 bytes).
    Removing keypad.o(.revsh_text), (4 bytes).
    Removing keypad.o(.rrx_text), (6 bytes).
    Removing keypad.o(.constdata), (45 bytes).
    Removing saper.o(.rev16_text), (4 bytes).
    Removing saper.o(.revsh_text), (4 bytes).
    Removing saper.o(.rrx_text), (6 bytes).
    Removing saper.o(.constdata), (45 bytes).
    Removing arrayimages.o(.rev16_text), (4 bytes).
    Removing arrayimages.o(.revsh_text), (4 bytes).
    Removing arrayimages.o(.rrx_text), (6 bytes).
    Removing arrayimages.o(.constdata), (45 bytes).
    Removing retarget_io.o(i.ITM_ReceiveChar), (36 bytes).
    Removing retarget_io.o(i.__aeabi_assert), (156 bytes).
    Removing retarget_io.o(i.__backspace), (8 bytes).
    Removing retarget_io.o(i.abort), (4 bytes).
    Removing retarget_io.o(i.fgetc), (8 bytes).
    Removing retarget_io.o(.data), (4 bytes).
    Removing system_stm32f3xx.o(.rev16_text), (4 bytes).
    Removing system_stm32f3xx.o(.revsh_text), (4 bytes).
    Removing system_stm32f3xx.o(.rrx_text), (6 bytes).
    Removing dadd.o(.text), (334 bytes).
    Removing dmul.o(.text), (228 bytes).
    Removing ddiv.o(.text), (222 bytes).
    Removing dfixul.o(.text), (48 bytes).
    Removing cdrcmple.o(.text), (48 bytes).
    Removing depilogue.o(.text), (186 bytes).

153 unused section(s) (total 9730 bytes) removed from the image.

==============================================================================

Image Symbol Table

    Local Symbols

    Symbol Name                              Value     Ov Type        Size  Object(Section)

    ../clib/../cmprslib/lz77c.c              0x00000000   Number         0  __dclz77c.o ABSOLUTE
    ../clib/microlib/division.c              0x00000000   Number         0  uldiv.o ABSOLUTE
    ../clib/microlib/division.c              0x00000000   Number         0  uidiv.o ABSOLUTE
    ../clib/microlib/init/entry.s            0x00000000   Number         0  entry11b.o ABSOLUTE
    ../clib/microlib/init/entry.s            0x00000000   Number         0  entry.o ABSOLUTE
    ../clib/microlib/init/entry.s            0x00000000   Number         0  entry10b.o ABSOLUTE
    ../clib/microlib/init/entry.s            0x00000000   Number         0  entry11a.o ABSOLUTE
    ../clib/microlib/init/entry.s            0x00000000   Number         0  entry8b.o ABSOLUTE
    ../clib/microlib/init/entry.s            0x00000000   Number         0  entry2.o ABSOLUTE
    ../clib/microlib/init/entry.s            0x00000000   Number         0  entry5.o ABSOLUTE
    ../clib/microlib/init/entry.s            0x00000000   Number         0  entry7a.o ABSOLUTE
    ../clib/microlib/init/entry.s            0x00000000   Number         0  entry7b.o ABSOLUTE
    ../clib/microlib/init/entry.s            0x00000000   Number         0  entry8a.o ABSOLUTE
    ../clib/microlib/init/entry.s            0x00000000   Number         0  entry9a.o ABSOLUTE
    ../clib/microlib/init/entry.s            0x00000000   Number         0  entry9b.o ABSOLUTE
    ../clib/microlib/init/entry.s            0x00000000   Number         0  entry10a.o ABSOLUTE
    ../clib/microlib/longlong.c              0x00000000   Number         0  llshl.o ABSOLUTE
    ../clib/microlib/longlong.c              0x00000000   Number         0  llushr.o ABSOLUTE
    ../clib/microlib/longlong.c              0x00000000   Number         0  llsshr.o ABSOLUTE
    ../clib/microlib/malloc/malloc.c         0x00000000   Number         0  malloca.o ABSOLUTE
    ../clib/microlib/malloc/malloc.c         0x00000000   Number         0  malloc.o ABSOLUTE
    ../clib/microlib/malloc/malloc.c         0x00000000   Number         0  mallocr.o ABSOLUTE
    ../clib/microlib/malloc/malloc.c         0x00000000   Number         0  mallocra.o ABSOLUTE
    ../clib/microlib/malloc/mvars.c          0x00000000   Number         0  mvars.o ABSOLUTE
    ../clib/microlib/printf/printf.c         0x00000000   Number         0  printf6.o ABSOLUTE
    ../clib/microlib/printf/printf.c         0x00000000   Number         0  printf5.o ABSOLUTE
    ../clib/microlib/printf/printf.c         0x00000000   Number         0  printf4.o ABSOLUTE
    ../clib/microlib/printf/printf.c         0x00000000   Number         0  printf3.o ABSOLUTE
    ../clib/microlib/printf/printf.c         0x00000000   Number         0  printf2.o ABSOLUTE
    ../clib/microlib/printf/printf.c         0x00000000   Number         0  printfa.o ABSOLUTE
    ../clib/microlib/printf/printf.c         0x00000000   Number         0  printf1.o ABSOLUTE
    ../clib/microlib/printf/printf.c         0x00000000   Number         0  printf0.o ABSOLUTE
    ../clib/microlib/printf/printf.c         0x00000000   Number         0  printfb.o ABSOLUTE
    ../clib/microlib/printf/printf.c         0x00000000   Number         0  printf7.o ABSOLUTE
    ../clib/microlib/printf/printf.c         0x00000000   Number         0  printf8.o ABSOLUTE
    ../clib/microlib/printf/stubs.s          0x00000000   Number         0  stubs.o ABSOLUTE
    ../clib/microlib/stdio/fputs.c           0x00000000   Number         0  fputs_e.o ABSOLUTE
    ../clib/microlib/stdio/fputs.c           0x00000000   Number         0  fputs.o ABSOLUTE
    ../clib/microlib/stdio/streams.c         0x00000000   Number         0  stdout.o ABSOLUTE
    ../clib/microlib/stdio/streams.c         0x00000000   Number         0  stderr.o ABSOLUTE
    ../clib/microlib/stdlib/rand.c           0x00000000   Number         0  rand.o ABSOLUTE
    ../clib/microlib/string/memcpy.c         0x00000000   Number         0  memcpyb.o ABSOLUTE
    ../clib/microlib/string/memcpy.c         0x00000000   Number         0  memcpya.o ABSOLUTE
    ../clib/microlib/string/memset.c         0x00000000   Number         0  memseta.o ABSOLUTE
    ../clib/microlib/stubs.s                 0x00000000   Number         0  iusefp.o ABSOLUTE
    ../fplib/microlib/fpadd.c                0x00000000   Number         0  dadd.o ABSOLUTE
    ../fplib/microlib/fpdiv.c                0x00000000   Number         0  ddiv.o ABSOLUTE
    ../fplib/microlib/fpepilogue.c           0x00000000   Number         0  depilogue.o ABSOLUTE
    ../fplib/microlib/fpfix.c                0x00000000   Number         0  dfixul.o ABSOLUTE
    ../fplib/microlib/fpmul.c                0x00000000   Number         0  dmul.o ABSOLUTE
    C:\Program Files\Keil\MDK-ARM-v5-Packs\Keil\ARM_Compiler\1.6.2\Source\retarget_io.c 0x00000000   Number         0  retarget_io.o ABSOLUTE
    RTE\Device\STM32F303VC\startup_stm32f303xc.s 0x00000000   Number         0  startup_stm32f303xc.o ABSOLUTE
    RTE\Device\STM32F303VC\system_stm32f3xx.c 0x00000000   Number         0  system_stm32f3xx.o ABSOLUTE
    RTE\\Device\\STM32F303VC\\system_stm32f3xx.c 0x00000000   Number         0  system_stm32f3xx.o ABSOLUTE
    STM32F3xx_LL_Driver\Src\stm32f3xx_ll_exti.c 0x00000000   Number         0  stm32f3xx_ll_exti.o ABSOLUTE
    STM32F3xx_LL_Driver\Src\stm32f3xx_ll_gpio.c 0x00000000   Number         0  stm32f3xx_ll_gpio.o ABSOLUTE
    STM32F3xx_LL_Driver\Src\stm32f3xx_ll_rcc.c 0x00000000   Number         0  stm32f3xx_ll_rcc.o ABSOLUTE
    STM32F3xx_LL_Driver\Src\stm32f3xx_ll_tim.c 0x00000000   Number         0  stm32f3xx_ll_tim.o ABSOLUTE
    STM32F3xx_LL_Driver\Src\stm32f3xx_ll_usart.c 0x00000000   Number         0  stm32f3xx_ll_usart.o ABSOLUTE
    STM32F3xx_LL_Driver\Src\stm32f3xx_ll_utils.c 0x00000000   Number         0  stm32f3xx_ll_utils.o ABSOLUTE
    STM32F3xx_LL_Driver\\Src\\stm32f3xx_ll_exti.c 0x00000000   Number         0  stm32f3xx_ll_exti.o ABSOLUTE
    STM32F3xx_LL_Driver\\Src\\stm32f3xx_ll_gpio.c 0x00000000   Number         0  stm32f3xx_ll_gpio.o ABSOLUTE
    STM32F3xx_LL_Driver\\Src\\stm32f3xx_ll_rcc.c 0x00000000   Number         0  stm32f3xx_ll_rcc.o ABSOLUTE
    STM32F3xx_LL_Driver\\Src\\stm32f3xx_ll_tim.c 0x00000000   Number         0  stm32f3xx_ll_tim.o ABSOLUTE
    STM32F3xx_LL_Driver\\Src\\stm32f3xx_ll_usart.c 0x00000000   Number         0  stm32f3xx_ll_usart.o ABSOLUTE
    STM32F3xx_LL_Driver\\Src\\stm32f3xx_ll_utils.c 0x00000000   Number         0  stm32f3xx_ll_utils.o ABSOLUTE
    User\ArrayImages.c                       0x00000000   Number         0  arrayimages.o ABSOLUTE
    User\AsciiLib.c                          0x00000000   Number         0  asciilib.o ABSOLUTE
    User\Saper.c                             0x00000000   Number         0  saper.o ABSOLUTE
    User\Tiles.c                             0x00000000   Number         0  tiles.o ABSOLUTE
    User\\ArrayImages.c                      0x00000000   Number         0  arrayimages.o ABSOLUTE
    User\\Saper.c                            0x00000000   Number         0  saper.o ABSOLUTE
    User\\keypad.c                           0x00000000   Number         0  keypad.o ABSOLUTE
    User\\lcd_ILI9325.c                      0x00000000   Number         0  lcd_ili9325.o ABSOLUTE
    User\\main.c                             0x00000000   Number         0  main.o ABSOLUTE
    User\\stm32f3xx_it.c                     0x00000000   Number         0  stm32f3xx_it.o ABSOLUTE
    User\\systickms.c                        0x00000000   Number         0  systickms.o ABSOLUTE
    User\keypad.c                            0x00000000   Number         0  keypad.o ABSOLUTE
    User\lcd_ILI9325.c                       0x00000000   Number         0  lcd_ili9325.o ABSOLUTE
    User\main.c                              0x00000000   Number         0  main.o ABSOLUTE
    User\stm32f3xx_it.c                      0x00000000   Number         0  stm32f3xx_it.o ABSOLUTE
    User\systickms.c                         0x00000000   Number         0  systickms.o ABSOLUTE
    cdrcmple.s                               0x00000000   Number         0  cdrcmple.o ABSOLUTE
    dc.s                                     0x00000000   Number         0  dc.o ABSOLUTE
    handlers.s                               0x00000000   Number         0  handlers.o ABSOLUTE
    init.s                                   0x00000000   Number         0  init.o ABSOLUTE
    RESET                                    0x08000000   Section      392  startup_stm32f303xc.o(RESET)
    .ARM.Collect$$$$00000000                 0x08000188   Section        0  entry.o(.ARM.Collect$$$$00000000)
    .ARM.Collect$$$$00000001                 0x08000188   Section        4  entry2.o(.ARM.Collect$$$$00000001)
    .ARM.Collect$$$$00000004                 0x0800018c   Section        4  entry5.o(.ARM.Collect$$$$00000004)
    .ARM.Collect$$$$00000008                 0x08000190   Section        0  entry7b.o(.ARM.Collect$$$$00000008)
    .ARM.Collect$$$$0000000A                 0x08000190   Section        0  entry8b.o(.ARM.Collect$$$$0000000A)
    .ARM.Collect$$$$0000000B                 0x08000190   Section        8  entry9a.o(.ARM.Collect$$$$0000000B)
    .ARM.Collect$$$$0000000D                 0x08000198   Section        0  entry10a.o(.ARM.Collect$$$$0000000D)
    .ARM.Collect$$$$0000000F                 0x08000198   Section        0  entry11a.o(.ARM.Collect$$$$0000000F)
    .ARM.Collect$$$$00002712                 0x08000198   Section        4  entry2.o(.ARM.Collect$$$$00002712)
    __lit__00000000                          0x08000198   Data           4  entry2.o(.ARM.Collect$$$$00002712)
    .text                                    0x0800019c   Section       36  startup_stm32f303xc.o(.text)
    $v0                                      0x0800019c   Number         0  startup_stm32f303xc.o(.text)
    .text                                    0x080001c0   Section        0  rand.o(.text)
    .text                                    0x080001e4   Section        0  memseta.o(.text)
    .text                                    0x08000208   Section        0  uidiv.o(.text)
    .text                                    0x08000234   Section       36  init.o(.text)
    .text                                    0x08000258   Section        0  __dclz77c.o(.text)
    i.BusFault_Handler                       0x080002b6   Section        0  stm32f3xx_it.o(i.BusFault_Handler)
    i.DebugMon_Handler                       0x080002ba   Section        0  stm32f3xx_it.o(i.DebugMon_Handler)
    i.EXTI0_IRQHandler                       0x080002bc   Section        0  stm32f3xx_it.o(i.EXTI0_IRQHandler)
    i.HardFault_Handler                      0x080002f4   Section        0  stm32f3xx_it.o(i.HardFault_Handler)
    i.ITM_SendChar                           0x080002f8   Section        0  retarget_io.o(i.ITM_SendChar)
    i.Init_keypad                            0x08000328   Section        0  keypad.o(i.Init_keypad)
    i.Init_systickms                         0x080003a8   Section        0  systickms.o(i.Init_systickms)
    i.LL_AHB1_GRP1_EnableClock               0x08000424   Section        0  lcd_ili9325.o(i.LL_AHB1_GRP1_EnableClock)
    LL_AHB1_GRP1_EnableClock                 0x08000425   Thumb Code    24  lcd_ili9325.o(i.LL_AHB1_GRP1_EnableClock)
    i.LL_GPIO_Init                           0x08000440   Section        0  stm32f3xx_ll_gpio.o(i.LL_GPIO_Init)
    i.LL_GPIO_SetOutputPin                   0x08000584   Section        0  lcd_ili9325.o(i.LL_GPIO_SetOutputPin)
    LL_GPIO_SetOutputPin                     0x08000585   Thumb Code     4  lcd_ili9325.o(i.LL_GPIO_SetOutputPin)
    i.LL_Init1msTick                         0x08000588   Section        0  stm32f3xx_ll_utils.o(i.LL_Init1msTick)
    i.LL_SetSystemCoreClock                  0x080005a4   Section        0  stm32f3xx_ll_utils.o(i.LL_SetSystemCoreClock)
    i.MemManage_Handler                      0x080005b0   Section        0  stm32f3xx_it.o(i.MemManage_Handler)
    i.NMI_Handler                            0x080005b4   Section        0  stm32f3xx_it.o(i.NMI_Handler)
    i.PendSV_Handler                         0x080005b6   Section        0  stm32f3xx_it.o(i.PendSV_Handler)
    i.SVC_Handler                            0x080005b8   Section        0  stm32f3xx_it.o(i.SVC_Handler)
    i.SysTick_Handler                        0x080005bc   Section        0  stm32f3xx_it.o(i.SysTick_Handler)
    i.SystemClock_Config                     0x080005cc   Section        0  main.o(i.SystemClock_Config)
    i.SystemCoreClockUpdate                  0x080006b8   Section        0  system_stm32f3xx.o(i.SystemCoreClockUpdate)
    i.SystemInit                             0x08000758   Section        0  system_stm32f3xx.o(i.SystemInit)
    i.UsageFault_Handler                     0x080007d4   Section        0  stm32f3xx_it.o(i.UsageFault_Handler)
    i.__0printf$1                            0x080007d8   Section        0  printf1.o(i.__0printf$1)
    i.__scatterload_copy                     0x080007f8   Section       14  handlers.o(i.__scatterload_copy)
    i.__scatterload_null                     0x08000806   Section        2  handlers.o(i.__scatterload_null)
    i.__scatterload_zeroinit                 0x08000808   Section       14  handlers.o(i.__scatterload_zeroinit)
    i._printf_core                           0x08000818   Section        0  printf1.o(i._printf_core)
    _printf_core                             0x08000819   Thumb Code   336  printf1.o(i._printf_core)
    i.board_lcd_reset                        0x0800096c   Section        0  lcd_ili9325.o(i.board_lcd_reset)
    board_lcd_reset                          0x0800096d   Thumb Code    32  lcd_ili9325.o(i.board_lcd_reset)
    i.board_lcd_write_words                  0x08000994   Section        0  lcd_ili9325.o(i.board_lcd_write_words)
    board_lcd_write_words                    0x08000995   Thumb Code   102  lcd_ili9325.o(i.board_lcd_write_words)
    i.bus_lcd_read_reg                       0x08000a04   Section        0  lcd_ili9325.o(i.bus_lcd_read_reg)
    bus_lcd_read_reg                         0x08000a05   Thumb Code   112  lcd_ili9325.o(i.bus_lcd_read_reg)
    i.bus_lcd_write_reg                      0x08000a7c   Section        0  lcd_ili9325.o(i.bus_lcd_write_reg)
    bus_lcd_write_reg                        0x08000a7d   Thumb Code    86  lcd_ili9325.o(i.bus_lcd_write_reg)
    i.check_win                              0x08000adc   Section        0  saper.o(i.check_win)
    i.clear_position                         0x08000b3c   Section        0  arrayimages.o(i.clear_position)
    i.cnt1ms                                 0x08000c78   Section        0  systickms.o(i.cnt1ms)
    cnt1ms                                   0x08000c79   Thumb Code    56  systickms.o(i.cnt1ms)
    i.count_num_in_mines                     0x08000cbc   Section        0  saper.o(i.count_num_in_mines)
    i.counting_empty                         0x08000cf8   Section        0  saper.o(i.counting_empty)
    i.delayms                                0x08000de4   Section        0  systickms.o(i.delayms)
    delayms                                  0x08000de5   Thumb Code    46  systickms.o(i.delayms)
    i.draw_all                               0x08000e18   Section        0  saper.o(i.draw_all)
    i.draw_black                             0x08000e50   Section        0  arrayimages.o(i.draw_black)
    i.draw_image                             0x08000eaa   Section        0  arrayimages.o(i.draw_image)
    i.draw_mines                             0x08000f10   Section        0  saper.o(i.draw_mines)
    i.draw_position                          0x08000f58   Section        0  arrayimages.o(i.draw_position)
    i.draw_smile                             0x0800100e   Section        0  arrayimages.o(i.draw_smile)
    i.fill_screen_with_color                 0x08001074   Section        0  arrayimages.o(i.fill_screen_with_color)
    i.flag_cell                              0x0800109c   Section        0  saper.o(i.flag_cell)
    i.fputc                                  0x08001248   Section        0  retarget_io.o(i.fputc)
    i.free                                   0x08001268   Section        0  malloc.o(i.free)
    i.get_color                              0x080012b8   Section        0  arrayimages.o(i.get_color)
    i.get_image_color_xy                     0x08001320   Section        0  arrayimages.o(i.get_image_color_xy)
    i.gpio_lcd_init                          0x0800149c   Section        0  lcd_ili9325.o(i.gpio_lcd_init)
    i.init_game                              0x08001558   Section        0  saper.o(i.init_game)
    i.init_lcd_ili9325                       0x080015d8   Section        0  lcd_ili9325.o(i.init_lcd_ili9325)
    i.keypad_poll                            0x08001814   Section        0  keypad.o(i.keypad_poll)
    i.lcd_bus_test                           0x08001938   Section        0  lcd_ili9325.o(i.lcd_bus_test)
    lcd_bus_test                             0x08001939   Thumb Code    56  lcd_ili9325.o(i.lcd_bus_test)
    i.lcd_fill_color                         0x08001970   Section        0  lcd_ili9325.o(i.lcd_fill_color)
    i.lcd_set_pixel                          0x08001a58   Section        0  lcd_ili9325.o(i.lcd_set_pixel)
    i.loose                                  0x08001a9c   Section        0  saper.o(i.loose)
    i.main                                   0x08001ae4   Section        0  main.o(i.main)
    i.malloc                                 0x08001b38   Section        0  malloc.o(i.malloc)
    i.move_down                              0x08001ba4   Section        0  saper.o(i.move_down)
    i.move_left                              0x08001bf4   Section        0  saper.o(i.move_left)
    i.move_right                             0x08001c44   Section        0  saper.o(i.move_right)
    i.move_up                                0x08001c94   Section        0  saper.o(i.move_up)
    i.open_cell                              0x08001ce4   Section        0  saper.o(i.open_cell)
    i.open_empt                              0x08001d50   Section        0  saper.o(i.open_empt)
    i.process_input                          0x08001e98   Section        0  saper.o(i.process_input)
    i.process_open_cells                     0x08001eec   Section        0  saper.o(i.process_open_cells)
    i.random_number                          0x08001fc0   Section        0  saper.o(i.random_number)
    i.readcounter                            0x08001fd4   Section        0  systickms.o(i.readcounter)
    readcounter                              0x08001fd5   Thumb Code     6  systickms.o(i.readcounter)
    i.readflag25ms                           0x08001fe0   Section        0  systickms.o(i.readflag25ms)
    readflag25ms                             0x08001fe1   Thumb Code    20  systickms.o(i.readflag25ms)
    i.readflag50ms                           0x08001ff8   Section        0  systickms.o(i.readflag50ms)
    readflag50ms                             0x08001ff9   Thumb Code    20  systickms.o(i.readflag50ms)
    i.reload_game                            0x08002010   Section        0  saper.o(i.reload_game)
    i.reset_arrs                             0x0800204c   Section        0  saper.o(i.reset_arrs)
    i.spawn_mines                            0x08002094   Section        0  saper.o(i.spawn_mines)
    i.stdout_putchar                         0x08002114   Section        0  retarget_io.o(i.stdout_putchar)
    stdout_putchar                           0x08002115   Thumb Code    12  retarget_io.o(i.stdout_putchar)
    i.win                                    0x08002120   Section        0  saper.o(i.win)
    .constdata                               0x08002136   Section       24  system_stm32f3xx.o(.constdata)
    .data                                    0x20000000   Section        6  systickms.o(.data)
    counter1ms                               0x20000000   Data           4  systickms.o(.data)
    flag25ms                                 0x20000004   Data           1  systickms.o(.data)
    flag50ms                                 0x20000005   Data           1  systickms.o(.data)
    .data                                    0x20000008   Section        4  keypad.o(.data)
    kpd_pollcnt                              0x20000008   Data           4  keypad.o(.data)
    .data                                    0x2000000c   Section      416  saper.o(.data)
    .data                                    0x200001ac   Section     8712  tiles.o(.data)
    .data                                    0x200023b4   Section        4  system_stm32f3xx.o(.data)
    .data                                    0x200023b8   Section        4  stdout.o(.data)
    .data                                    0x200023bc   Section        4  rand.o(.data)
    _rand_state                              0x200023bc   Data           4  rand.o(.data)
    .data                                    0x200023c0   Section        4  mvars.o(.data)
    .data                                    0x200023c4   Section        4  mvars.o(.data)
    .bss                                     0x200023c8   Section       20  systickms.o(.bss)
    .bss                                     0x200023dc   Section      128  keypad.o(.bss)
    masKey                                   0x200023dc   Data         128  keypad.o(.bss)
    .bss                                     0x2000245c   Section      800  saper.o(.bss)
    HEAP                                     0x20002780   Section    16384  startup_stm32f303xc.o(HEAP)
    STACK                                    0x20006780   Section     1024  startup_stm32f303xc.o(STACK)

    Global Symbols

    Symbol Name                              Value     Ov Type        Size  Object(Section)

    BuildAttributes$$THM_ISAv4$E$P$D$K$B$S$7EM$VFPi3$EXTD16$VFPS$VFMA$PE$A:L22UL41UL21$X:L11$S22US41US21$IEEE1$IW$USESV6$~STKCKD$USESV7$~SHL$OSPACE$ROPI$EBA8$MICROLIB$REQ8$PRES8$EABIv2 0x00000000   Number         0  anon$$obj.o ABSOLUTE
    __ARM_use_no_argv                        0x00000000   Number         0  main.o ABSOLUTE
    _printf_a                                0x00000000   Number         0  stubs.o ABSOLUTE
    _printf_c                                0x00000000   Number         0  stubs.o ABSOLUTE
    _printf_charcount                        0x00000000   Number         0  stubs.o ABSOLUTE
    _printf_d                                0x00000000   Number         0  stubs.o ABSOLUTE
    _printf_e                                0x00000000   Number         0  stubs.o ABSOLUTE
    _printf_f                                0x00000000   Number         0  stubs.o ABSOLUTE
    _printf_flags                            0x00000000   Number         0  stubs.o ABSOLUTE
    _printf_fp_dec                           0x00000000   Number         0  stubs.o ABSOLUTE
    _printf_fp_hex                           0x00000000   Number         0  stubs.o ABSOLUTE
    _printf_g                                0x00000000   Number         0  stubs.o ABSOLUTE
    _printf_i                                0x00000000   Number         0  stubs.o ABSOLUTE
    _printf_int_dec                          0x00000000   Number         0  stubs.o ABSOLUTE
    _printf_l                                0x00000000   Number         0  stubs.o ABSOLUTE
    _printf_lc                               0x00000000   Number         0  stubs.o ABSOLUTE
    _printf_ll                               0x00000000   Number         0  stubs.o ABSOLUTE
    _printf_lld                              0x00000000   Number         0  stubs.o ABSOLUTE
    _printf_lli                              0x00000000   Number         0  stubs.o ABSOLUTE
    _printf_llo                              0x00000000   Number         0  stubs.o ABSOLUTE
    _printf_llu                              0x00000000   Number         0  stubs.o ABSOLUTE
    _printf_llx                              0x00000000   Number         0  stubs.o ABSOLUTE
    _printf_longlong_dec                     0x00000000   Number         0  stubs.o ABSOLUTE
    _printf_longlong_hex                     0x00000000   Number         0  stubs.o ABSOLUTE
    _printf_longlong_oct                     0x00000000   Number         0  stubs.o ABSOLUTE
    _printf_ls                               0x00000000   Number         0  stubs.o ABSOLUTE
    _printf_mbtowc                           0x00000000   Number         0  stubs.o ABSOLUTE
    _printf_n                                0x00000000   Number         0  stubs.o ABSOLUTE
    _printf_o                                0x00000000   Number         0  stubs.o ABSOLUTE
    _printf_p                                0x00000000   Number         0  stubs.o ABSOLUTE
    _printf_percent                          0x00000000   Number         0  stubs.o ABSOLUTE
    _printf_pre_padding                      0x00000000   Number         0  stubs.o ABSOLUTE
    _printf_return_value                     0x00000000   Number         0  stubs.o ABSOLUTE
    _printf_s                                0x00000000   Number         0  stubs.o ABSOLUTE
    _printf_sizespec                         0x00000000   Number         0  stubs.o ABSOLUTE
    _printf_str                              0x00000000   Number         0  stubs.o ABSOLUTE
    _printf_truncate_signed                  0x00000000   Number         0  stubs.o ABSOLUTE
    _printf_truncate_unsigned                0x00000000   Number         0  stubs.o ABSOLUTE
    _printf_u                                0x00000000   Number         0  stubs.o ABSOLUTE
    _printf_wc                               0x00000000   Number         0  stubs.o ABSOLUTE
    _printf_wctomb                           0x00000000   Number         0  stubs.o ABSOLUTE
    _printf_widthprec                        0x00000000   Number         0  stubs.o ABSOLUTE
    _printf_x                                0x00000000   Number         0  stubs.o ABSOLUTE
    __cpp_initialize__aeabi_                  - Undefined Weak Reference
    __cxa_finalize                            - Undefined Weak Reference
    _clock_init                               - Undefined Weak Reference
    _microlib_exit                            - Undefined Weak Reference
    __Vectors_Size                           0x00000188   Number         0  startup_stm32f303xc.o ABSOLUTE
    __Vectors                                0x08000000   Data           4  startup_stm32f303xc.o(RESET)
    __Vectors_End                            0x08000188   Data           0  startup_stm32f303xc.o(RESET)
    __main                                   0x08000189   Thumb Code     0  entry.o(.ARM.Collect$$$$00000000)
    _main_stk                                0x08000189   Thumb Code     0  entry2.o(.ARM.Collect$$$$00000001)
    _main_scatterload                        0x0800018d   Thumb Code     0  entry5.o(.ARM.Collect$$$$00000004)
    __main_after_scatterload                 0x08000191   Thumb Code     0  entry5.o(.ARM.Collect$$$$00000004)
    _main_clock                              0x08000191   Thumb Code     0  entry7b.o(.ARM.Collect$$$$00000008)
    _main_cpp_init                           0x08000191   Thumb Code     0  entry8b.o(.ARM.Collect$$$$0000000A)
    _main_init                               0x08000191   Thumb Code     0  entry9a.o(.ARM.Collect$$$$0000000B)
    __rt_final_cpp                           0x08000199   Thumb Code     0  entry10a.o(.ARM.Collect$$$$0000000D)
    __rt_final_exit                          0x08000199   Thumb Code     0  entry11a.o(.ARM.Collect$$$$0000000F)
    Reset_Handler                            0x0800019d   Thumb Code     8  startup_stm32f303xc.o(.text)
    ADC1_2_IRQHandler                        0x080001b7   Thumb Code     0  startup_stm32f303xc.o(.text)
    ADC3_IRQHandler                          0x080001b7   Thumb Code     0  startup_stm32f303xc.o(.text)
    ADC4_IRQHandler                          0x080001b7   Thumb Code     0  startup_stm32f303xc.o(.text)
    CAN_RX1_IRQHandler                       0x080001b7   Thumb Code     0  startup_stm32f303xc.o(.text)
    CAN_SCE_IRQHandler                       0x080001b7   Thumb Code     0  startup_stm32f303xc.o(.text)
    COMP1_2_3_IRQHandler                     0x080001b7   Thumb Code     0  startup_stm32f303xc.o(.text)
    COMP4_5_6_IRQHandler                     0x080001b7   Thumb Code     0  startup_stm32f303xc.o(.text)
    COMP7_IRQHandler                         0x080001b7   Thumb Code     0  startup_stm32f303xc.o(.text)
    DMA1_Channel1_IRQHandler                 0x080001b7   Thumb Code     0  startup_stm32f303xc.o(.text)
    DMA1_Channel2_IRQHandler                 0x080001b7   Thumb Code     0  startup_stm32f303xc.o(.text)
    DMA1_Channel3_IRQHandler                 0x080001b7   Thumb Code     0  startup_stm32f303xc.o(.text)
    DMA1_Channel4_IRQHandler                 0x080001b7   Thumb Code     0  startup_stm32f303xc.o(.text)
    DMA1_Channel5_IRQHandler                 0x080001b7   Thumb Code     0  startup_stm32f303xc.o(.text)
    DMA1_Channel6_IRQHandler                 0x080001b7   Thumb Code     0  startup_stm32f303xc.o(.text)
    DMA1_Channel7_IRQHandler                 0x080001b7   Thumb Code     0  startup_stm32f303xc.o(.text)
    DMA2_Channel1_IRQHandler                 0x080001b7   Thumb Code     0  startup_stm32f303xc.o(.text)
    DMA2_Channel2_IRQHandler                 0x080001b7   Thumb Code     0  startup_stm32f303xc.o(.text)
    DMA2_Channel3_IRQHandler                 0x080001b7   Thumb Code     0  startup_stm32f303xc.o(.text)
    DMA2_Channel4_IRQHandler                 0x080001b7   Thumb Code     0  startup_stm32f303xc.o(.text)
    DMA2_Channel5_IRQHandler                 0x080001b7   Thumb Code     0  startup_stm32f303xc.o(.text)
    EXTI15_10_IRQHandler                     0x080001b7   Thumb Code     0  startup_stm32f303xc.o(.text)
    EXTI1_IRQHandler                         0x080001b7   Thumb Code     0  startup_stm32f303xc.o(.text)
    EXTI2_TSC_IRQHandler                     0x080001b7   Thumb Code     0  startup_stm32f303xc.o(.text)
    EXTI3_IRQHandler                         0x080001b7   Thumb Code     0  startup_stm32f303xc.o(.text)
    EXTI4_IRQHandler                         0x080001b7   Thumb Code     0  startup_stm32f303xc.o(.text)
    EXTI9_5_IRQHandler                       0x080001b7   Thumb Code     0  startup_stm32f303xc.o(.text)
    FLASH_IRQHandler                         0x080001b7   Thumb Code     0  startup_stm32f303xc.o(.text)
    FPU_IRQHandler                           0x080001b7   Thumb Code     0  startup_stm32f303xc.o(.text)
    I2C1_ER_IRQHandler                       0x080001b7   Thumb Code     0  startup_stm32f303xc.o(.text)
    I2C1_EV_IRQHandler                       0x080001b7   Thumb Code     0  startup_stm32f303xc.o(.text)
    I2C2_ER_IRQHandler                       0x080001b7   Thumb Code     0  startup_stm32f303xc.o(.text)
    I2C2_EV_IRQHandler                       0x080001b7   Thumb Code     0  startup_stm32f303xc.o(.text)
    PVD_IRQHandler                           0x080001b7   Thumb Code     0  startup_stm32f303xc.o(.text)
    RCC_IRQHandler                           0x080001b7   Thumb Code     0  startup_stm32f303xc.o(.text)
    RTC_Alarm_IRQHandler                     0x080001b7   Thumb Code     0  startup_stm32f303xc.o(.text)
    RTC_WKUP_IRQHandler                      0x080001b7   Thumb Code     0  startup_stm32f303xc.o(.text)
    SPI1_IRQHandler                          0x080001b7   Thumb Code     0  startup_stm32f303xc.o(.text)
    SPI2_IRQHandler                          0x080001b7   Thumb Code     0  startup_stm32f303xc.o(.text)
    SPI3_IRQHandler                          0x080001b7   Thumb Code     0  startup_stm32f303xc.o(.text)
    TAMP_STAMP_IRQHandler                    0x080001b7   Thumb Code     0  startup_stm32f303xc.o(.text)
    TIM1_BRK_TIM15_IRQHandler                0x080001b7   Thumb Code     0  startup_stm32f303xc.o(.text)
    TIM1_CC_IRQHandler                       0x080001b7   Thumb Code     0  startup_stm32f303xc.o(.text)
    TIM1_TRG_COM_TIM17_IRQHandler            0x080001b7   Thumb Code     0  startup_stm32f303xc.o(.text)
    TIM1_UP_TIM16_IRQHandler                 0x080001b7   Thumb Code     0  startup_stm32f303xc.o(.text)
    TIM2_IRQHandler                          0x080001b7   Thumb Code     0  startup_stm32f303xc.o(.text)
    TIM3_IRQHandler                          0x080001b7   Thumb Code     0  startup_stm32f303xc.o(.text)
    TIM4_IRQHandler                          0x080001b7   Thumb Code     0  startup_stm32f303xc.o(.text)
    TIM6_DAC_IRQHandler                      0x080001b7   Thumb Code     0  startup_stm32f303xc.o(.text)
    TIM7_IRQHandler                          0x080001b7   Thumb Code     0  startup_stm32f303xc.o(.text)
    TIM8_BRK_IRQHandler                      0x080001b7   Thumb Code     0  startup_stm32f303xc.o(.text)
    TIM8_CC_IRQHandler                       0x080001b7   Thumb Code     0  startup_stm32f303xc.o(.text)
    TIM8_TRG_COM_IRQHandler                  0x080001b7   Thumb Code     0  startup_stm32f303xc.o(.text)
    TIM8_UP_IRQHandler                       0x080001b7   Thumb Code     0  startup_stm32f303xc.o(.text)
    UART4_IRQHandler                         0x080001b7   Thumb Code     0  startup_stm32f303xc.o(.text)
    UART5_IRQHandler                         0x080001b7   Thumb Code     0  startup_stm32f303xc.o(.text)
    USART1_IRQHandler                        0x080001b7   Thumb Code     0  startup_stm32f303xc.o(.text)
    USART2_IRQHandler                        0x080001b7   Thumb Code     0  startup_stm32f303xc.o(.text)
    USART3_IRQHandler                        0x080001b7   Thumb Code     0  startup_stm32f303xc.o(.text)
    USBWakeUp_IRQHandler                     0x080001b7   Thumb Code     0  startup_stm32f303xc.o(.text)
    USBWakeUp_RMP_IRQHandler                 0x080001b7   Thumb Code     0  startup_stm32f303xc.o(.text)
    USB_HP_CAN_TX_IRQHandler                 0x080001b7   Thumb Code     0  startup_stm32f303xc.o(.text)
    USB_HP_IRQHandler                        0x080001b7   Thumb Code     0  startup_stm32f303xc.o(.text)
    USB_LP_CAN_RX0_IRQHandler                0x080001b7   Thumb Code     0  startup_stm32f303xc.o(.text)
    USB_LP_IRQHandler                        0x080001b7   Thumb Code     0  startup_stm32f303xc.o(.text)
    WWDG_IRQHandler                          0x080001b7   Thumb Code     0  startup_stm32f303xc.o(.text)
    rand                                     0x080001c1   Thumb Code    20  rand.o(.text)
    srand                                    0x080001d5   Thumb Code     6  rand.o(.text)
    __aeabi_memset                           0x080001e5   Thumb Code    14  memseta.o(.text)
    __aeabi_memset4                          0x080001e5   Thumb Code     0  memseta.o(.text)
    __aeabi_memset8                          0x080001e5   Thumb Code     0  memseta.o(.text)
    __aeabi_memclr                           0x080001f3   Thumb Code     4  memseta.o(.text)
    __aeabi_memclr4                          0x080001f3   Thumb Code     0  memseta.o(.text)
    __aeabi_memclr8                          0x080001f3   Thumb Code     0  memseta.o(.text)
    _memset$wrapper                          0x080001f7   Thumb Code    18  memseta.o(.text)
    __aeabi_uidiv                            0x08000209   Thumb Code     0  uidiv.o(.text)
    __aeabi_uidivmod                         0x08000209   Thumb Code    44  uidiv.o(.text)
    __scatterload                            0x08000235   Thumb Code    28  init.o(.text)
    __scatterload_rt2                        0x08000235   Thumb Code     0  init.o(.text)
    __decompress                             0x08000259   Thumb Code     0  __dclz77c.o(.text)
    __decompress2                            0x08000259   Thumb Code    94  __dclz77c.o(.text)
    BusFault_Handler                         0x080002b7   Thumb Code     4  stm32f3xx_it.o(i.BusFault_Handler)
    DebugMon_Handler                         0x080002bb   Thumb Code     2  stm32f3xx_it.o(i.DebugMon_Handler)
    EXTI0_IRQHandler                         0x080002bd   Thumb Code    46  stm32f3xx_it.o(i.EXTI0_IRQHandler)
    HardFault_Handler                        0x080002f5   Thumb Code     4  stm32f3xx_it.o(i.HardFault_Handler)
    ITM_SendChar                             0x080002f9   Thumb Code    42  retarget_io.o(i.ITM_SendChar)
    Init_keypad                              0x08000329   Thumb Code   112  keypad.o(i.Init_keypad)
    Init_systickms                           0x080003a9   Thumb Code    78  systickms.o(i.Init_systickms)
    LL_GPIO_Init                             0x08000441   Thumb Code   324  stm32f3xx_ll_gpio.o(i.LL_GPIO_Init)
    LL_Init1msTick                           0x08000589   Thumb Code    28  stm32f3xx_ll_utils.o(i.LL_Init1msTick)
    LL_SetSystemCoreClock                    0x080005a5   Thumb Code     6  stm32f3xx_ll_utils.o(i.LL_SetSystemCoreClock)
    MemManage_Handler                        0x080005b1   Thumb Code     4  stm32f3xx_it.o(i.MemManage_Handler)
    NMI_Handler                              0x080005b5   Thumb Code     2  stm32f3xx_it.o(i.NMI_Handler)
    PendSV_Handler                           0x080005b7   Thumb Code     2  stm32f3xx_it.o(i.PendSV_Handler)
    SVC_Handler                              0x080005b9   Thumb Code     2  stm32f3xx_it.o(i.SVC_Handler)
    SysTick_Handler                          0x080005bd   Thumb Code    10  stm32f3xx_it.o(i.SysTick_Handler)
    SystemClock_Config                       0x080005cd   Thumb Code   222  main.o(i.SystemClock_Config)
    SystemCoreClockUpdate                    0x080006b9   Thumb Code   138  system_stm32f3xx.o(i.SystemCoreClockUpdate)
    SystemInit                               0x08000759   Thumb Code   104  system_stm32f3xx.o(i.SystemInit)
    UsageFault_Handler                       0x080007d5   Thumb Code     4  stm32f3xx_it.o(i.UsageFault_Handler)
    __0printf$1                              0x080007d9   Thumb Code    22  printf1.o(i.__0printf$1)
    __1printf$1                              0x080007d9   Thumb Code     0  printf1.o(i.__0printf$1)
    __2printf                                0x080007d9   Thumb Code     0  printf1.o(i.__0printf$1)
    __scatterload_copy                       0x080007f9   Thumb Code    14  handlers.o(i.__scatterload_copy)
    __scatterload_null                       0x08000807   Thumb Code     2  handlers.o(i.__scatterload_null)
    __scatterload_zeroinit                   0x08000809   Thumb Code    14  handlers.o(i.__scatterload_zeroinit)
    check_win                                0x08000add   Thumb Code    86  saper.o(i.check_win)
    clear_position                           0x08000b3d   Thumb Code   314  arrayimages.o(i.clear_position)
    count_num_in_mines                       0x08000cbd   Thumb Code    54  saper.o(i.count_num_in_mines)
    counting_empty                           0x08000cf9   Thumb Code   218  saper.o(i.counting_empty)
    draw_all                                 0x08000e19   Thumb Code    50  saper.o(i.draw_all)
    draw_black                               0x08000e51   Thumb Code    90  arrayimages.o(i.draw_black)
    draw_image                               0x08000eab   Thumb Code   102  arrayimages.o(i.draw_image)
    draw_mines                               0x08000f11   Thumb Code    68  saper.o(i.draw_mines)
    draw_position                            0x08000f59   Thumb Code   182  arrayimages.o(i.draw_position)
    draw_smile                               0x0800100f   Thumb Code   102  arrayimages.o(i.draw_smile)
    fill_screen_with_color                   0x08001075   Thumb Code    38  arrayimages.o(i.fill_screen_with_color)
    flag_cell                                0x0800109d   Thumb Code   412  saper.o(i.flag_cell)
    fputc                                    0x08001249   Thumb Code    26  retarget_io.o(i.fputc)
    free                                     0x08001269   Thumb Code    76  malloc.o(i.free)
    get_color                                0x080012b9   Thumb Code   104  arrayimages.o(i.get_color)
    get_image_color_xy                       0x08001321   Thumb Code   322  arrayimages.o(i.get_image_color_xy)
    gpio_lcd_init                            0x0800149d   Thumb Code   176  lcd_ili9325.o(i.gpio_lcd_init)
    init_game                                0x08001559   Thumb Code   100  saper.o(i.init_game)
    init_lcd_ili9325                         0x080015d9   Thumb Code   564  lcd_ili9325.o(i.init_lcd_ili9325)
    keypad_poll                              0x08001815   Thumb Code   278  keypad.o(i.keypad_poll)
    lcd_fill_color                           0x08001971   Thumb Code   226  lcd_ili9325.o(i.lcd_fill_color)
    lcd_set_pixel                            0x08001a59   Thumb Code    62  lcd_ili9325.o(i.lcd_set_pixel)
    loose                                    0x08001a9d   Thumb Code    54  saper.o(i.loose)
    main                                     0x08001ae5   Thumb Code    78  main.o(i.main)
    malloc                                   0x08001b39   Thumb Code    92  malloc.o(i.malloc)
    move_down                                0x08001ba5   Thumb Code    66  saper.o(i.move_down)
    move_left                                0x08001bf5   Thumb Code    68  saper.o(i.move_left)
    move_right                               0x08001c45   Thumb Code    68  saper.o(i.move_right)
    move_up                                  0x08001c95   Thumb Code    66  saper.o(i.move_up)
    open_cell                                0x08001ce5   Thumb Code    90  saper.o(i.open_cell)
    open_empt                                0x08001d51   Thumb Code   300  saper.o(i.open_empt)
    process_input                            0x08001e99   Thumb Code    80  saper.o(i.process_input)
    process_open_cells                       0x08001eed   Thumb Code   188  saper.o(i.process_open_cells)
    random_number                            0x08001fc1   Thumb Code    18  saper.o(i.random_number)
    reload_game                              0x08002011   Thumb Code    52  saper.o(i.reload_game)
    reset_arrs                               0x0800204d   Thumb Code    62  saper.o(i.reset_arrs)
    spawn_mines                              0x08002095   Thumb Code   112  saper.o(i.spawn_mines)
    win                                      0x08002121   Thumb Code    22  saper.o(i.win)
    AHBPrescTable                            0x08002136   Data          16  system_stm32f3xx.o(.constdata)
    APBPrescTable                            0x08002146   Data           8  system_stm32f3xx.o(.constdata)
    Region$$Table$$Base                      0x08002150   Number         0  anon$$obj.o(Region$$Table)
    Region$$Table$$Limit                     0x08002170   Number         0  anon$$obj.o(Region$$Table)
    current_X                                0x2000000c   Data           4  saper.o(.data)
    current_Y                                0x20000010   Data           4  saper.o(.data)
    mines_count                              0x20000014   Data           4  saper.o(.data)
    game_state                               0x20000018   Data           4  saper.o(.data)
    field                                    0x2000001c   Data         400  saper.o(.data)
    COVERED                                  0x200001ac   Data         576  tiles.o(.data)
    UNCOVERED                                0x200003ec   Data         576  tiles.o(.data)
    MINE                                     0x2000062c   Data         576  tiles.o(.data)
    FLAG                                     0x2000086c   Data         576  tiles.o(.data)
    ONE                                      0x20000aac   Data         576  tiles.o(.data)
    TWO                                      0x20000cec   Data         576  tiles.o(.data)
    THREE                                    0x20000f2c   Data         576  tiles.o(.data)
    FOUR                                     0x2000116c   Data         576  tiles.o(.data)
    FIVE                                     0x200013ac   Data         576  tiles.o(.data)
    SIX                                      0x200015ec   Data         576  tiles.o(.data)
    SEVEN                                    0x2000182c   Data         576  tiles.o(.data)
    EIGHT                                    0x20001a6c   Data         576  tiles.o(.data)
    GLASSES                                  0x20001cac   Data         900  tiles.o(.data)
    SAD                                      0x20002030   Data         900  tiles.o(.data)
    SystemCoreClock                          0x200023b4   Data           4  system_stm32f3xx.o(.data)
    __stdout                                 0x200023b8   Data           4  stdout.o(.data)
    __microlib_freelist                      0x200023c0   Data           4  mvars.o(.data)
    __microlib_freelist_initialised          0x200023c4   Data           4  mvars.o(.data)
    systickms                                0x200023c8   Data          20  systickms.o(.bss)
    mines                                    0x2000245c   Data         400  saper.o(.bss)
    open_empty                               0x200025ec   Data         400  saper.o(.bss)
    __heap_base                              0x20002780   Data           0  startup_stm32f303xc.o(HEAP)
    __heap_limit                             0x20006780   Data           0  startup_stm32f303xc.o(HEAP)
    __initial_sp                             0x20006b80   Data           0  startup_stm32f303xc.o(STACK)



==============================================================================

Memory Map of the image

  Image Entry point : 0x08000189

  Load Region LR_IROM1 (Base: 0x08000000, Size: 0x00004538, Max: 0x00040000, ABSOLUTE, COMPRESSED[0x000024f4])

    Execution Region ER_IROM1 (Exec base: 0x08000000, Load base: 0x08000000, Size: 0x00002170, Max: 0x00040000, ABSOLUTE)

    Exec Addr    Load Addr    Size         Type   Attr      Idx    E Section Name        Object

    0x08000000   0x08000000   0x00000188   Data   RO         1375    RESET               startup_stm32f303xc.o
    0x08000188   0x08000188   0x00000000   Code   RO         1417  * .ARM.Collect$$$$00000000  mc_w.l(entry.o)
    0x08000188   0x08000188   0x00000004   Code   RO         1724    .ARM.Collect$$$$00000001  mc_w.l(entry2.o)
    0x0800018c   0x0800018c   0x00000004   Code   RO         1727    .ARM.Collect$$$$00000004  mc_w.l(entry5.o)
    0x08000190   0x08000190   0x00000000   Code   RO         1729    .ARM.Collect$$$$00000008  mc_w.l(entry7b.o)
    0x08000190   0x08000190   0x00000000   Code   RO         1731    .ARM.Collect$$$$0000000A  mc_w.l(entry8b.o)
    0x08000190   0x08000190   0x00000008   Code   RO         1732    .ARM.Collect$$$$0000000B  mc_w.l(entry9a.o)
    0x08000198   0x08000198   0x00000000   Code   RO         1734    .ARM.Collect$$$$0000000D  mc_w.l(entry10a.o)
    0x08000198   0x08000198   0x00000000   Code   RO         1736    .ARM.Collect$$$$0000000F  mc_w.l(entry11a.o)
    0x08000198   0x08000198   0x00000004   Code   RO         1725    .ARM.Collect$$$$00002712  mc_w.l(entry2.o)
    0x0800019c   0x0800019c   0x00000024   Code   RO         1376    .text               startup_stm32f303xc.o
    0x080001c0   0x080001c0   0x00000024   Code   RO         1426    .text               mc_w.l(rand.o)
    0x080001e4   0x080001e4   0x00000024   Code   RO         1431    .text               mc_w.l(memseta.o)
    0x08000208   0x08000208   0x0000002c   Code   RO         1738    .text               mc_w.l(uidiv.o)
    0x08000234   0x08000234   0x00000024   Code   RO         1755    .text               mc_w.l(init.o)
    0x08000258   0x08000258   0x0000005e   Code   RO         1773    .text               mc_w.l(__dclz77c.o)
    0x080002b6   0x080002b6   0x00000004   Code   RO          774    i.BusFault_Handler  stm32f3xx_it.o
    0x080002ba   0x080002ba   0x00000002   Code   RO          775    i.DebugMon_Handler  stm32f3xx_it.o
    0x080002bc   0x080002bc   0x00000038   Code   RO          776    i.EXTI0_IRQHandler  stm32f3xx_it.o
    0x080002f4   0x080002f4   0x00000004   Code   RO          777    i.HardFault_Handler  stm32f3xx_it.o
    0x080002f8   0x080002f8   0x00000030   Code   RO         1301    i.ITM_SendChar      retarget_io.o
    0x08000328   0x08000328   0x00000080   Code   RO         1040    i.Init_keypad       keypad.o
    0x080003a8   0x080003a8   0x0000007c   Code   RO          980    i.Init_systickms    systickms.o
    0x08000424   0x08000424   0x0000001c   Code   RO          886    i.LL_AHB1_GRP1_EnableClock  lcd_ili9325.o
    0x08000440   0x08000440   0x00000144   Code   RO          138    i.LL_GPIO_Init      stm32f3xx_ll_gpio.o
    0x08000584   0x08000584   0x00000004   Code   RO          887    i.LL_GPIO_SetOutputPin  lcd_ili9325.o
    0x08000588   0x08000588   0x0000001c   Code   RO          578    i.LL_Init1msTick    stm32f3xx_ll_utils.o
    0x080005a4   0x080005a4   0x0000000c   Code   RO          585    i.LL_SetSystemCoreClock  stm32f3xx_ll_utils.o
    0x080005b0   0x080005b0   0x00000004   Code   RO          778    i.MemManage_Handler  stm32f3xx_it.o
    0x080005b4   0x080005b4   0x00000002   Code   RO          779    i.NMI_Handler       stm32f3xx_it.o
    0x080005b6   0x080005b6   0x00000002   Code   RO          780    i.PendSV_Handler    stm32f3xx_it.o
    0x080005b8   0x080005b8   0x00000002   Code   RO          781    i.SVC_Handler       stm32f3xx_it.o
    0x080005ba   0x080005ba   0x00000002   PAD
    0x080005bc   0x080005bc   0x00000010   Code   RO          782    i.SysTick_Handler   stm32f3xx_it.o
    0x080005cc   0x080005cc   0x000000ec   Code   RO          678    i.SystemClock_Config  main.o
    0x080006b8   0x080006b8   0x000000a0   Code   RO         1383    i.SystemCoreClockUpdate  system_stm32f3xx.o
    0x08000758   0x08000758   0x0000007c   Code   RO         1384    i.SystemInit        system_stm32f3xx.o
    0x080007d4   0x080007d4   0x00000004   Code   RO          783    i.UsageFault_Handler  stm32f3xx_it.o
    0x080007d8   0x080007d8   0x00000020   Code   RO         1480    i.__0printf$1       mc_w.l(printf1.o)
    0x080007f8   0x080007f8   0x0000000e   Code   RO         1767    i.__scatterload_copy  mc_w.l(handlers.o)
    0x08000806   0x08000806   0x00000002   Code   RO         1768    i.__scatterload_null  mc_w.l(handlers.o)
    0x08000808   0x08000808   0x0000000e   Code   RO         1769    i.__scatterload_zeroinit  mc_w.l(handlers.o)
    0x08000816   0x08000816   0x00000002   PAD
    0x08000818   0x08000818   0x00000154   Code   RO         1487    i._printf_core      mc_w.l(printf1.o)
    0x0800096c   0x0800096c   0x00000028   Code   RO          888    i.board_lcd_reset   lcd_ili9325.o
    0x08000994   0x08000994   0x00000070   Code   RO          889    i.board_lcd_write_words  lcd_ili9325.o
    0x08000a04   0x08000a04   0x00000078   Code   RO          890    i.bus_lcd_read_reg  lcd_ili9325.o
    0x08000a7c   0x08000a7c   0x00000060   Code   RO          891    i.bus_lcd_write_reg  lcd_ili9325.o
    0x08000adc   0x08000adc   0x00000060   Code   RO         1074    i.check_win         saper.o
    0x08000b3c   0x08000b3c   0x0000013a   Code   RO         1223    i.clear_position    arrayimages.o
    0x08000c76   0x08000c76   0x00000002   PAD
    0x08000c78   0x08000c78   0x00000044   Code   RO          981    i.cnt1ms            systickms.o
    0x08000cbc   0x08000cbc   0x0000003c   Code   RO         1075    i.count_num_in_mines  saper.o
    0x08000cf8   0x08000cf8   0x000000ec   Code   RO         1076    i.counting_empty    saper.o
    0x08000de4   0x08000de4   0x00000034   Code   RO          982    i.delayms           systickms.o
    0x08000e18   0x08000e18   0x00000038   Code   RO         1077    i.draw_all          saper.o
    0x08000e50   0x08000e50   0x0000005a   Code   RO         1224    i.draw_black        arrayimages.o
    0x08000eaa   0x08000eaa   0x00000066   Code   RO         1225    i.draw_image        arrayimages.o
    0x08000f10   0x08000f10   0x00000048   Code   RO         1078    i.draw_mines        saper.o
    0x08000f58   0x08000f58   0x000000b6   Code   RO         1226    i.draw_position     arrayimages.o
    0x0800100e   0x0800100e   0x00000066   Code   RO         1227    i.draw_smile        arrayimages.o
    0x08001074   0x08001074   0x00000026   Code   RO         1228    i.fill_screen_with_color  arrayimages.o
    0x0800109a   0x0800109a   0x00000002   PAD
    0x0800109c   0x0800109c   0x000001ac   Code   RO         1079    i.flag_cell         saper.o
    0x08001248   0x08001248   0x00000020   Code   RO         1306    i.fputc             retarget_io.o
    0x08001268   0x08001268   0x00000050   Code   RO         1696    i.free              mc_w.l(malloc.o)
    0x080012b8   0x080012b8   0x00000068   Code   RO         1229    i.get_color         arrayimages.o
    0x08001320   0x08001320   0x0000017c   Code   RO         1230    i.get_image_color_xy  arrayimages.o
    0x0800149c   0x0800149c   0x000000bc   Code   RO          892    i.gpio_lcd_init     lcd_ili9325.o
    0x08001558   0x08001558   0x00000080   Code   RO         1080    i.init_game         saper.o
    0x080015d8   0x080015d8   0x0000023c   Code   RO          893    i.init_lcd_ili9325  lcd_ili9325.o
    0x08001814   0x08001814   0x00000124   Code   RO         1041    i.keypad_poll       keypad.o
    0x08001938   0x08001938   0x00000038   Code   RO          894    i.lcd_bus_test      lcd_ili9325.o
    0x08001970   0x08001970   0x000000e8   Code   RO          895    i.lcd_fill_color    lcd_ili9325.o
    0x08001a58   0x08001a58   0x00000044   Code   RO          897    i.lcd_set_pixel     lcd_ili9325.o
    0x08001a9c   0x08001a9c   0x00000048   Code   RO         1081    i.loose             saper.o
    0x08001ae4   0x08001ae4   0x00000054   Code   RO          679    i.main              main.o
    0x08001b38   0x08001b38   0x0000006c   Code   RO         1697    i.malloc            mc_w.l(malloc.o)
    0x08001ba4   0x08001ba4   0x00000050   Code   RO         1082    i.move_down         saper.o
    0x08001bf4   0x08001bf4   0x00000050   Code   RO         1083    i.move_left         saper.o
    0x08001c44   0x08001c44   0x00000050   Code   RO         1084    i.move_right        saper.o
    0x08001c94   0x08001c94   0x00000050   Code   RO         1085    i.move_up           saper.o
    0x08001ce4   0x08001ce4   0x0000006c   Code   RO         1086    i.open_cell         saper.o
    0x08001d50   0x08001d50   0x00000148   Code   RO         1087    i.open_empt         saper.o
    0x08001e98   0x08001e98   0x00000054   Code   RO         1088    i.process_input     saper.o
    0x08001eec   0x08001eec   0x000000d4   Code   RO         1089    i.process_open_cells  saper.o
    0x08001fc0   0x08001fc0   0x00000012   Code   RO         1090    i.random_number     saper.o
    0x08001fd2   0x08001fd2   0x00000002   PAD
    0x08001fd4   0x08001fd4   0x0000000c   Code   RO          983    i.readcounter       systickms.o
    0x08001fe0   0x08001fe0   0x00000018   Code   RO          984    i.readflag25ms      systickms.o
    0x08001ff8   0x08001ff8   0x00000018   Code   RO          985    i.readflag50ms      systickms.o
    0x08002010   0x08002010   0x0000003c   Code   RO         1091    i.reload_game       saper.o
    0x0800204c   0x0800204c   0x00000048   Code   RO         1092    i.reset_arrs        saper.o
    0x08002094   0x08002094   0x00000080   Code   RO         1093    i.spawn_mines       saper.o
    0x08002114   0x08002114   0x0000000c   Code   RO         1307    i.stdout_putchar    retarget_io.o
    0x08002120   0x08002120   0x00000016   Code   RO         1094    i.win               saper.o
    0x08002136   0x08002136   0x00000018   Data   RO         1385    .constdata          system_stm32f3xx.o
    0x0800214e   0x0800214e   0x00000002   PAD
    0x08002150   0x08002150   0x00000020   Data   RO         1765    Region$$Table       anon$$obj.o


    Execution Region RW_IRAM1 (Exec base: 0x20000000, Load base: 0x08002170, Size: 0x00006b80, Max: 0x0000a000, ABSOLUTE, COMPRESSED[0x00000384])

    Exec Addr    Load Addr    Size         Type   Attr      Idx    E Section Name        Object

    0x20000000   COMPRESSED   0x00000006   Data   RW          988    .data               systickms.o
    0x20000006   COMPRESSED   0x00000002   PAD
    0x20000008   COMPRESSED   0x00000004   Data   RW         1044    .data               keypad.o
    0x2000000c   COMPRESSED   0x000001a0   Data   RW         1097    .data               saper.o
    0x200001ac   COMPRESSED   0x00002208   Data   RW         1288    .data               tiles.o
    0x200023b4   COMPRESSED   0x00000004   Data   RW         1386    .data               system_stm32f3xx.o
    0x200023b8   COMPRESSED   0x00000004   Data   RW         1424    .data               mc_w.l(stdout.o)
    0x200023bc   COMPRESSED   0x00000004   Data   RW         1427    .data               mc_w.l(rand.o)
    0x200023c0   COMPRESSED   0x00000004   Data   RW         1742    .data               mc_w.l(mvars.o)
    0x200023c4   COMPRESSED   0x00000004   Data   RW         1743    .data               mc_w.l(mvars.o)
    0x200023c8        -       0x00000014   Zero   RW          986    .bss                systickms.o
    0x200023dc        -       0x00000080   Zero   RW         1042    .bss                keypad.o
    0x2000245c        -       0x00000320   Zero   RW         1095    .bss                saper.o
    0x2000277c   COMPRESSED   0x00000004   PAD
    0x20002780        -       0x00004000   Zero   RW         1374    HEAP                startup_stm32f303xc.o
    0x20006780        -       0x00000400   Zero   RW         1373    STACK               startup_stm32f303xc.o


==============================================================================

Image component sizes


      Code (inc. data)   RO Data    RW Data    ZI Data      Debug   Object Name

      1312         78          0          0          0       5882   arrayimages.o
       420         30          0          4        128       2112   keypad.o
      1516         72          0          0          0      16904   lcd_ili9325.o
       320         20          0          0          0      60588   main.o
        92         12          0          0          0       3195   retarget_io.o
      2500        274          0        416        800      13417   saper.o
        36          8        392          0      17408        832   startup_stm32f303xc.o
        96         16          0          0          0      12809   stm32f3xx_it.o
         0          0          0          0          0     465716   stm32f3xx_ll_exti.o
       324          0          0          0          0       7167   stm32f3xx_ll_gpio.o
        40          6          0          0          0       2265   stm32f3xx_ll_utils.o
       284         42         24          4          0       1987   system_stm32f3xx.o
       304         78          0          6         20       8637   systickms.o
         0          0          0       8712          0       1038   tiles.o

    ----------------------------------------------------------------------
      7252        636        450       9144      18360     602549   Object Totals
         0          0         32          0          0          0   (incl. Generated)
         8          0          2          2          4          0   (incl. Padding)

    ----------------------------------------------------------------------

      Code (inc. data)   RO Data    RW Data    ZI Data      Debug   Library Member Name

        94          0          0          0          0          0   __dclz77c.o
         0          0          0          0          0          0   entry.o
         0          0          0          0          0          0   entry10a.o
         0          0          0          0          0          0   entry11a.o
         8          4          0          0          0          0   entry2.o
         4          0          0          0          0          0   entry5.o
         0          0          0          0          0          0   entry7b.o
         0          0          0          0          0          0   entry8b.o
         8          4          0          0          0          0   entry9a.o
        30          0          0          0          0          0   handlers.o
        36          8          0          0          0         68   init.o
       188         20          0          0          0        160   malloc.o
        36          0          0          0          0        108   memseta.o
         0          0          0          8          0          0   mvars.o
       372         14          0          0          0        184   printf1.o
        36         10          0          4          0        136   rand.o
         0          0          0          4          0          0   stdout.o
        44          0          0          0          0         80   uidiv.o

    ----------------------------------------------------------------------
       858         60          0         16          0        736   Library Totals
         2          0          0          0          0          0   (incl. Padding)

    ----------------------------------------------------------------------

      Code (inc. data)   RO Data    RW Data    ZI Data      Debug   Library Name

       856         60          0         16          0        736   mc_w.l

    ----------------------------------------------------------------------
       858         60          0         16          0        736   Library Totals

    ----------------------------------------------------------------------

==============================================================================


      Code (inc. data)   RO Data    RW Data    ZI Data      Debug   

      8110        696        450       9160      18360     597061   Grand Totals
      8110        696        450        900      18360     597061   ELF Image Totals (compressed)
      8110        696        450        900          0          0   ROM Totals

==============================================================================

    Total RO  Size (Code + RO Data)                 8560 (   8.36kB)
    Total RW  Size (RW Data + ZI Data)             27520 (  26.88kB)
    Total ROM Size (Code + RO Data + RW Data)       9460 (   9.24kB)

==============================================================================

